Archive member included to satisfy reference by file (symbol)

d:/arm_gcc/6 2017-q2-update/bin/../lib/gcc/arm-none-eabi/6.3.1/thumb/v7-m\libgcc.a(_arm_addsubsf3.o)
                              ..\obj\TAP_shared.o (__aeabi_fsub)
d:/arm_gcc/6 2017-q2-update/bin/../lib/gcc/arm-none-eabi/6.3.1/thumb/v7-m\libgcc.a(_arm_muldivsf3.o)
                              ..\obj\TAP_shared.o (__aeabi_fmul)
d:/arm_gcc/6 2017-q2-update/bin/../lib/gcc/arm-none-eabi/6.3.1/thumb/v7-m\libgcc.a(_arm_cmpsf2.o)
                              ..\obj\TAP_shared.o (__aeabi_fcmplt)
d:/arm_gcc/6 2017-q2-update/bin/../lib/gcc/arm-none-eabi/6.3.1/thumb/v7-m\libgcc.a(_arm_fixunssfsi.o)
                              ..\obj\TAP_shared.o (__aeabi_f2uiz)
d:/arm_gcc/6 2017-q2-update/bin/../lib/gcc/arm-none-eabi/6.3.1/thumb/v7-m\libgcc.a(_aeabi_ldivmod.o)
                              ..\obj\BDMn_high.o (__aeabi_ldivmod)
d:/arm_gcc/6 2017-q2-update/bin/../lib/gcc/arm-none-eabi/6.3.1/thumb/v7-m\libgcc.a(_aeabi_uldivmod.o)
                              ..\obj\BDMn_high.o (__aeabi_uldivmod)
d:/arm_gcc/6 2017-q2-update/bin/../lib/gcc/arm-none-eabi/6.3.1/thumb/v7-m\libgcc.a(_udivmoddi4.o)
                              d:/arm_gcc/6 2017-q2-update/bin/../lib/gcc/arm-none-eabi/6.3.1/thumb/v7-m\libgcc.a(_aeabi_ldivmod.o) (__udivmoddi4)
d:/arm_gcc/6 2017-q2-update/bin/../lib/gcc/arm-none-eabi/6.3.1/thumb/v7-m\libgcc.a(_dvmd_tls.o)
                              d:/arm_gcc/6 2017-q2-update/bin/../lib/gcc/arm-none-eabi/6.3.1/thumb/v7-m\libgcc.a(_aeabi_ldivmod.o) (__aeabi_ldiv0)
d:/arm_gcc/6 2017-q2-update/bin/../lib/gcc/arm-none-eabi/6.3.1/../../../../arm-none-eabi/lib/thumb/v7-m\libg.a(lib_a-printf.o)
                              ..\obj\TAP_shared.o (printf)
d:/arm_gcc/6 2017-q2-update/bin/../lib/gcc/arm-none-eabi/6.3.1/../../../../arm-none-eabi/lib/thumb/v7-m\libg.a(lib_a-puts.o)
                              ..\obj\NEXUS_high.o (puts)
d:/arm_gcc/6 2017-q2-update/bin/../lib/gcc/arm-none-eabi/6.3.1/../../../../arm-none-eabi/lib/thumb/v7-m\libg.a(lib_a-strlen-stub.o)
                              d:/arm_gcc/6 2017-q2-update/bin/../lib/gcc/arm-none-eabi/6.3.1/../../../../arm-none-eabi/lib/thumb/v7-m\libg.a(lib_a-puts.o) (strlen)
d:/arm_gcc/6 2017-q2-update/bin/../lib/gcc/arm-none-eabi/6.3.1/../../../../arm-none-eabi/lib/thumb/v7-m\libg.a(lib_a-vfprintf.o)
                              d:/arm_gcc/6 2017-q2-update/bin/../lib/gcc/arm-none-eabi/6.3.1/../../../../arm-none-eabi/lib/thumb/v7-m\libg.a(lib_a-printf.o) (_vfprintf_r)
d:/arm_gcc/6 2017-q2-update/bin/../lib/gcc/arm-none-eabi/6.3.1/../../../../arm-none-eabi/lib/thumb/v7-m\libg.a(lib_a-wsetup.o)
                              d:/arm_gcc/6 2017-q2-update/bin/../lib/gcc/arm-none-eabi/6.3.1/../../../../arm-none-eabi/lib/thumb/v7-m\libg.a(lib_a-vfprintf.o) (__swsetup_r)
d:/arm_gcc/6 2017-q2-update/bin/../lib/gcc/arm-none-eabi/6.3.1/../../../../arm-none-eabi/lib/thumb/v7-m\libg.a(lib_a-dtoa.o)
                              d:/arm_gcc/6 2017-q2-update/bin/../lib/gcc/arm-none-eabi/6.3.1/../../../../arm-none-eabi/lib/thumb/v7-m\libg.a(lib_a-vfprintf.o) (_dtoa_r)
d:/arm_gcc/6 2017-q2-update/bin/../lib/gcc/arm-none-eabi/6.3.1/../../../../arm-none-eabi/lib/thumb/v7-m\libg.a(lib_a-fflush.o)
                              d:/arm_gcc/6 2017-q2-update/bin/../lib/gcc/arm-none-eabi/6.3.1/../../../../arm-none-eabi/lib/thumb/v7-m\libg.a(lib_a-vfprintf.o) (_fflush_r)
d:/arm_gcc/6 2017-q2-update/bin/../lib/gcc/arm-none-eabi/6.3.1/../../../../arm-none-eabi/lib/thumb/v7-m\libg.a(lib_a-findfp.o)
                              d:/arm_gcc/6 2017-q2-update/bin/../lib/gcc/arm-none-eabi/6.3.1/../../../../arm-none-eabi/lib/thumb/v7-m\libg.a(lib_a-puts.o) (__sinit)
d:/arm_gcc/6 2017-q2-update/bin/../lib/gcc/arm-none-eabi/6.3.1/../../../../arm-none-eabi/lib/thumb/v7-m\libg.a(lib_a-freer.o)
                              d:/arm_gcc/6 2017-q2-update/bin/../lib/gcc/arm-none-eabi/6.3.1/../../../../arm-none-eabi/lib/thumb/v7-m\libg.a(lib_a-wsetup.o) (_free_r)
d:/arm_gcc/6 2017-q2-update/bin/../lib/gcc/arm-none-eabi/6.3.1/../../../../arm-none-eabi/lib/thumb/v7-m\libg.a(lib_a-fvwrite.o)
                              d:/arm_gcc/6 2017-q2-update/bin/../lib/gcc/arm-none-eabi/6.3.1/../../../../arm-none-eabi/lib/thumb/v7-m\libg.a(lib_a-puts.o) (__sfvwrite_r)
d:/arm_gcc/6 2017-q2-update/bin/../lib/gcc/arm-none-eabi/6.3.1/../../../../arm-none-eabi/lib/thumb/v7-m\libg.a(lib_a-fwalk.o)
                              d:/arm_gcc/6 2017-q2-update/bin/../lib/gcc/arm-none-eabi/6.3.1/../../../../arm-none-eabi/lib/thumb/v7-m\libg.a(lib_a-findfp.o) (_fwalk)
d:/arm_gcc/6 2017-q2-update/bin/../lib/gcc/arm-none-eabi/6.3.1/../../../../arm-none-eabi/lib/thumb/v7-m\libg.a(lib_a-impure.o)
                              d:/arm_gcc/6 2017-q2-update/bin/../lib/gcc/arm-none-eabi/6.3.1/../../../../arm-none-eabi/lib/thumb/v7-m\libg.a(lib_a-fflush.o) (_global_impure_ptr)
[...]
Memory Configuration

Name             Origin             Length             Attributes
rom              0x08000000         0x00010000         xr
ram              0x20000000         0x00005000         xrw
*default*        0x00000000         0xffffffff

Linker script and memory map

                0x20005000                _eram = 0x20005000

.text           0x08000000     0xc455
 *(.isr_vector)
 .isr_vector    0x08000000      0x10c ..\obj\startup_stm32f10x_md.o
                0x08000000                g_pfnVectors
 *(.text*)
 .text.Standard_GetConfiguration
                0x0800010c       0x28 ..\obj\usb_core.o
                0x0800010c                Standard_GetConfiguration
 .text.Standard_GetInterface
                0x08000134       0x28 ..\obj\usb_core.o
                0x08000134                Standard_GetInterface
 .text.Standard_GetStatus
                0x0800015c       0x90 ..\obj\usb_core.o
                0x0800015c                Standard_GetStatus
 .text.DataStageIn
                0x080001ec       0xb0 ..\obj\usb_core.o
 .text.Standard_SetConfiguration
                0x0800029c       0x3c ..\obj\usb_core.o
                0x0800029c                Standard_SetConfiguration
 .text.Standard_SetInterface
                0x080002d8       0x54 ..\obj\usb_core.o
                0x080002d8                Standard_SetInterface
 .text.Standard_ClearFeature
                0x0800032c       0xe4 ..\obj\usb_core.o
                0x0800032c                Standard_ClearFeature
 .text.Standard_SetEndPointFeature
                0x08000410       0x9c ..\obj\usb_core.o
                0x08000410                Standard_SetEndPointFeature
 .text.Standard_GetDescriptorData
                0x080004ac       0x1c ..\obj\usb_core.o
                0x080004ac                Standard_GetDescriptorData
 .text.Post0_Process
                0x080004c8       0x44 ..\obj\usb_core.o
                0x080004c8                Post0_Process
 .text.Setup0_Process
                0x0800050c      0x370 ..\obj\usb_core.o
                0x0800050c                Setup0_Process
 .text.Out0_Process
                0x0800087c      0x108 ..\obj\usb_core.o
                0x0800087c                Out0_Process
 .text.In0_Process
                0x08000984       0xa8 ..\obj\usb_core.o
                0x08000984                In0_Process
 .text.SetDeviceAddress
                0x08000a2c       0x40 ..\obj\usb_core.o
                0x08000a2c                SetDeviceAddress
 .text.NOP_Process
                0x08000a6c        0x4 ..\obj\usb_core.o
                0x08000a6c                NOP_Process
 .text.BDMOLD_InitPort_int
                0x08000a70       0x44 ..\obj\BDMo_high.o
 .text.BDMOLD_TargetStart_int
                0x08000ab4       0x38 ..\obj\BDMo_high.o
 .text.BDMOLD_ExecRead
                0x08000aec       0xa8 ..\obj\BDMo_high.o
 .text.BDMOLD_ExecWrite
                0x08000b94       0x90 ..\obj\BDMo_high.o
 .text.BDMOLD_InitPort
                0x08000c24        0xc ..\obj\BDMo_high.o
                0x08000c24                BDMOLD_InitPort
 .text.BDMOLD_TargetReady
                0x08000c30       0xa0 ..\obj\BDMo_high.o
                0x08000c30                BDMOLD_TargetReady
 .text.BDMOLD_TargetReset
                0x08000cd0       0x64 ..\obj\BDMo_high.o
                0x08000cd0                BDMOLD_TargetReset
 .text.BDMOLD_TargetStart
                0x08000d34        0xc ..\obj\BDMo_high.o
                0x08000d34                BDMOLD_TargetStart
 .text.BDMOLD_TargetStatus
                0x08000d40       0x34 ..\obj\BDMo_high.o
                0x08000d40                BDMOLD_TargetStatus
 .text.BDMOLD_setup
                0x08000d74       0xc8 ..\obj\BDMo_high.o
                0x08000d74                BDMOLD_setup
 .text.BDMOLD_WriteMemory
                0x08000e3c       0x54 ..\obj\BDMo_high.o
                0x08000e3c                BDMOLD_WriteMemory
 .text.BDMOLD_ReadMemory
                0x08000e90       0x7c ..\obj\BDMo_high.o
                0x08000e90                BDMOLD_ReadMemory
 .text.BDMOLD_FillMemory
                0x08000f0c       0x4c ..\obj\BDMo_high.o
                0x08000f0c                BDMOLD_FillMemory
 .text.BDMOLD_DumpMemory
                0x08000f58       0xd0 ..\obj\BDMo_high.o
                0x08000f58                BDMOLD_DumpMemory
 .text.BDMOLD_WriteRegister
                0x08001028       0x40 ..\obj\BDMo_high.o
                0x08001028                BDMOLD_WriteRegister
 .text.BDMOLD_ReadRegister
                0x08001068       0x40 ..\obj\BDMo_high.o
                0x08001068                BDMOLD_ReadRegister
 .text.BDMOLD_AssistFlash
                0x080010a8      0x1a4 ..\obj\BDMo_high.o
                0x080010a8                BDMOLD_AssistFlash
 .text.TAP_Releasehack
                0x0800124c        0x8 ..\obj\TAP_shared.o
 .text.DUMMY_NotInstalled
                0x08001254       0x18 ..\obj\TAP_shared.o
 .text.DUMMY_NotSupported
                0x0800126c       0x18 ..\obj\TAP_shared.o
 .text.TAP_InitPins
                0x08001284       0x4c ..\obj\TAP_shared.o
                0x08001284                TAP_InitPins
 .text.TAP_calcDelay
                0x080012d0       0x48 ..\obj\TAP_shared.o
                0x080012d0                TAP_calcDelay
 .text.TAP_RequestData
                0x08001318       0x74 ..\obj\TAP_shared.o
                0x08001318                TAP_RequestData
 .text.TAP_UpdateStatus
                0x0800138c       0x28 ..\obj\TAP_shared.o
                0x0800138c                TAP_UpdateStatus
 .text.TAP_ResetState
                0x080013b4       0x28 ..\obj\TAP_shared.o
                0x080013b4                TAP_ResetState
 .text.TAP_Commands
                0x080013dc      0x678 ..\obj\TAP_shared.o
                0x080013dc                TAP_Commands
 .text.TIM_TimeBaseInit
                0x08001a54       0xac ..\obj\stm32f10x_tim.o
                0x08001a54                TIM_TimeBaseInit
 .text.TIM_Cmd  0x08001b00       0x1c ..\obj\stm32f10x_tim.o
                0x08001b00                TIM_Cmd
 .text.TIM_DMACmd
                0x08001b1c       0x14 ..\obj\stm32f10x_tim.o
                0x08001b1c                TIM_DMACmd
 .text.TIM_ITConfig
                0x08001b30        0x4 ..\obj\stm32f10x_tim.o
                0x08001b30                TIM_ITConfig
 .text.TIM_ClearITPendingBit
                0x08001b34        0x8 ..\obj\stm32f10x_tim.o
                0x08001b34                TIM_ClearITPendingBit
 .text.CTR_LP   0x08001b3c      0x180 ..\obj\usb_int.o
                0x08001b3c                CTR_LP
 .text.SystemInit
                0x08001cbc      0x104 ..\obj\system_stm32f10x.o
                0x08001cbc                SystemInit
 .text          0x08001dc0       0x18 ..\obj\TAP_lowlev.o
                0x08001dc0                TAP_PreciseDelay
 .text.SetISTR  0x08001dd8        0xc ..\obj\usb_regs.o
                0x08001dd8                SetISTR
 .text.SetBTABLE
                0x08001de4       0x10 ..\obj\usb_regs.o
                0x08001de4                SetBTABLE
 .text.SetEPType
                0x08001df4       0x1c ..\obj\usb_regs.o
                0x08001df4                SetEPType
 .text.SetEPTxStatus
                0x08001e10       0x34 ..\obj\usb_regs.o
                0x08001e10                SetEPTxStatus
 .text.SetEPRxStatus
                0x08001e44       0x34 ..\obj\usb_regs.o
                0x08001e44                SetEPRxStatus
 .text.GetEPTxStatus
                0x08001e78       0x14 ..\obj\usb_regs.o
                0x08001e78                GetEPTxStatus
 .text.SetEPTxValid
                0x08001e8c       0x28 ..\obj\usb_regs.o
                0x08001e8c                SetEPTxValid
 .text.SetEPRxValid
                0x08001eb4       0x28 ..\obj\usb_regs.o
                0x08001eb4                SetEPRxValid
 .text.ClearEPDoubleBuff
                0x08001edc       0x20 ..\obj\usb_regs.o
                0x08001edc                ClearEPDoubleBuff
 .text.Clear_Status_Out
                0x08001efc        0x4 ..\obj\usb_regs.o
                0x08001efc                Clear_Status_Out
 .text.ClearDTOG_RX
                0x08001f00       0x24 ..\obj\usb_regs.o
                0x08001f00                ClearDTOG_RX
 .text.ClearDTOG_TX
                0x08001f24       0x24 ..\obj\usb_regs.o
                0x08001f24                ClearDTOG_TX
 .text.SetEPTxCount
                0x08001f48       0x1c ..\obj\usb_regs.o
                0x08001f48                SetEPTxCount
 .text.SetEPRxCount
                0x08001f64       0x44 ..\obj\usb_regs.o
                0x08001f64                SetEPRxCount
 .text.SetEPDblBuf0Addr
                0x08001fa8       0x20 ..\obj\usb_regs.o
                0x08001fa8                SetEPDblBuf0Addr
 .text.SetEPTxAddr
                0x08001fc8        0x4 ..\obj\usb_regs.o
                0x08001fc8                SetEPTxAddr
 .text.SetEPDblBuf1Addr
                0x08001fcc       0x20 ..\obj\usb_regs.o
                0x08001fcc                SetEPDblBuf1Addr
 .text.SetEPRxAddr
                0x08001fec        0x4 ..\obj\usb_regs.o
                0x08001fec                SetEPRxAddr
 .text.GetEPDblBuf0Addr
                0x08001ff0       0x1c ..\obj\usb_regs.o
                0x08001ff0                GetEPDblBuf0Addr
 .text.GetEPTxAddr
                0x0800200c        0x4 ..\obj\usb_regs.o
                0x0800200c                GetEPTxAddr
 .text.GetEPDblBuf1Addr
                0x08002010       0x1c ..\obj\usb_regs.o
                0x08002010                GetEPDblBuf1Addr
 .text.GetEPRxAddr
                0x0800202c        0x4 ..\obj\usb_regs.o
                0x0800202c                GetEPRxAddr
 .text.GetEPDblBuf1Count
                0x08002030       0x20 ..\obj\usb_regs.o
                0x08002030                GetEPDblBuf1Count
 .text.GetEPRxCount
                0x08002050        0x4 ..\obj\usb_regs.o
                0x08002050                GetEPRxCount
 .text.ByteSwap
                0x08002054        0xc ..\obj\usb_regs.o
                0x08002054                ByteSwap
 .text.Default_Handler
                0x08002060        0x4 ..\obj\startup_stm32f10x_md.o
                0x08002060                EXTI2_IRQHandler
                0x08002060                TIM1_CC_IRQHandler
                0x08002060                PVD_IRQHandler
                0x08002060                EXTI3_IRQHandler
                0x08002060                EXTI0_IRQHandler
                0x08002060                I2C2_EV_IRQHandler
                0x08002060                ADC1_2_IRQHandler
                0x08002060                SPI1_IRQHandler
                0x08002060                TAMPER_IRQHandler
                0x08002060                DMA1_Channel4_IRQHandler
                0x08002060                USART3_IRQHandler
                0x08002060                RTC_IRQHandler
                0x08002060                DMA1_Channel7_IRQHandler
                0x08002060                CAN1_RX1_IRQHandler
                0x08002060                TIM4_IRQHandler
                0x08002060                I2C1_EV_IRQHandler
                0x08002060                DMA1_Channel6_IRQHandler
                0x08002060                TIM3_IRQHandler
                0x08002060                RCC_IRQHandler
                0x08002060                TIM1_TRG_COM_IRQHandler
                0x08002060                DMA1_Channel1_IRQHandler
                0x08002060                EXTI15_10_IRQHandler
                0x08002060                EXTI9_5_IRQHandler
                0x08002060                SPI2_IRQHandler
                0x08002060                DMA1_Channel5_IRQHandler
                0x08002060                EXTI4_IRQHandler
                0x08002060                USB_HP_CAN1_TX_IRQHandler
                0x08002060                DMA1_Channel3_IRQHandler
                0x08002060                TIM1_UP_IRQHandler
                0x08002060                WWDG_IRQHandler
                0x08002060                TIM1_BRK_IRQHandler
                0x08002060                EXTI1_IRQHandler
                0x08002060                RTCAlarm_IRQHandler
                0x08002060                USART2_IRQHandler
                0x08002060                I2C2_ER_IRQHandler
                0x08002060                DMA1_Channel2_IRQHandler
                0x08002060                CAN1_SCE_IRQHandler
                0x08002060                FLASH_IRQHandler
                0x08002060                USART1_IRQHandler
                0x08002060                I2C1_ER_IRQHandler
 .text.Default_Reset_Handler
                0x08002064       0x58 ..\obj\startup_stm32f10x_md.o
                0x08002064                Default_Reset_Handler
                0x08002064                Reset_Handler
 .text.IntToUnicode
                0x080020bc       0x34 ..\obj\hw_config.o
 .text.Set_System
                0x080020f0       0x60 ..\obj\hw_config.o
                0x080020f0                Set_System
 .text.Set_USBClock
                0x08002150       0x18 ..\obj\hw_config.o
                0x08002150                Set_USBClock
 .text.USB_Interrupts_Config
                0x08002168       0x3c ..\obj\hw_config.o
                0x08002168                USB_Interrupts_Config
 .text.USB_Cable_Config
                0x080021a4       0x18 ..\obj\hw_config.o
                0x080021a4                USB_Cable_Config
 .text.Get_SerialNum
                0x080021bc       0x40 ..\obj\hw_config.o
                0x080021bc                Get_SerialNum
 .text.GPIO_Init
                0x080021fc       0xbc ..\obj\stm32f10x_gpio.o
                0x080021fc                GPIO_Init
 .text.GPIO_SetBits
                0x080022b8        0x4 ..\obj\stm32f10x_gpio.o
                0x080022b8                GPIO_SetBits
 .text.GPIO_ResetBits
                0x080022bc        0x4 ..\obj\stm32f10x_gpio.o
                0x080022bc                GPIO_ResetBits
 .text.usb_SetConfiguration
                0x080022c0       0x18 ..\obj\usb_prop.o
                0x080022c0                usb_SetConfiguration
 .text.usb_SetDeviceAddress
                0x080022d8        0xc ..\obj\usb_prop.o
                0x080022d8                usb_SetDeviceAddress
 .text.usb_Status_In
                0x080022e4       0x14 ..\obj\usb_prop.o
                0x080022e4                usb_Status_In
 .text.usb_Status_Out
                0x080022f8        0x4 ..\obj\usb_prop.o
                0x080022f8                usb_Status_Out
 .text.usb_Data_Setup
                0x080022fc       0x5c ..\obj\usb_prop.o
                0x080022fc                usb_Data_Setup
 .text.usb_NoData_Setup
                0x08002358       0x24 ..\obj\usb_prop.o
                0x08002358                usb_NoData_Setup
 .text.usb_Get_Interface_Setting
                0x0800237c       0x10 ..\obj\usb_prop.o
                0x0800237c                usb_Get_Interface_Setting
 .text.usb_SetLineCoding
                0x0800238c       0x18 ..\obj\usb_prop.o
                0x0800238c                usb_SetLineCoding
 .text.usb_GetLineCoding
                0x080023a4        0x4 ..\obj\usb_prop.o
                0x080023a4                usb_GetLineCoding
 .text.usb_init
                0x080023a8       0x24 ..\obj\usb_prop.o
                0x080023a8                usb_init
 .text.usb_Reset
                0x080023cc       0xe0 ..\obj\usb_prop.o
                0x080023cc                usb_Reset
 .text.usb_GetDeviceDescriptor
                0x080024ac        0xc ..\obj\usb_prop.o
                0x080024ac                usb_GetDeviceDescriptor
 .text.usb_GetConfigDescriptor
                0x080024b8        0xc ..\obj\usb_prop.o
                0x080024b8                usb_GetConfigDescriptor
 .text.usb_GetStringDescriptor
                0x080024c4       0x20 ..\obj\usb_prop.o
                0x080024c4                usb_GetStringDescriptor
 .text.PowerOn  0x080024e4       0x38 ..\obj\usb_pwr.o
                0x080024e4                PowerOn
 .text.Suspend  0x0800251c       0x84 ..\obj\usb_pwr.o
                0x0800251c                Suspend
 .text.Resume   0x080025a0       0xd4 ..\obj\usb_pwr.o
                0x080025a0                Resume
 .text.USB_Init
                0x08002674       0x38 ..\obj\usb_init.o
                0x08002674                USB_Init
 .text.EP1_IN_Callback
                0x080026ac        0x4 ..\obj\main.o
                0x080026ac                EP1_IN_Callback
 .text.SOF_Callback
                0x080026b0        0x4 ..\obj\main.o
                0x080026b0                SOF_Callback
 .text.usb_sendData
                0x080026b4       0x54 ..\obj\main.o
                0x080026b4                usb_sendData
 .text.usb_receiveData
                0x08002708       0x78 ..\obj\main.o
                0x08002708                usb_receiveData
 .text.SPI_PreinitDMA
                0x08002780       0xb4 ..\obj\main.o
                0x08002780                SPI_PreinitDMA
 .text.InitSPI  0x08002834       0x88 ..\obj\main.o
                0x08002834                InitSPI
 .text.init_Timeout
                0x080028bc       0x50 ..\obj\main.o
                0x080028bc                init_Timeout
 .text.init_debugUart
                0x0800290c       0x74 ..\obj\main.o
                0x0800290c                init_debugUart
 .text.RCC_Configuration
                0x08002980       0x30 ..\obj\main.o
                0x08002980                RCC_Configuration
 .text.InitSys  0x080029b0       0x38 ..\obj\main.o
                0x080029b0                InitSys
 .text.startup.main
                0x080029e8       0x48 ..\obj\main.o
                0x080029e8                main
 .text.NEXUS_ResetState
                0x08002a30       0x50 ..\obj\NEXUS_high.o
 .text.NEXUS_ShiftW
                0x08002a80       0x74 ..\obj\NEXUS_high.o
 .text.NEXUS_WriteIREG
                0x08002af4       0x70 ..\obj\NEXUS_high.o
 .text.NEXUS_WriteDREG
                0x08002b64       0x64 ..\obj\NEXUS_high.o
 .text.NEXUS_ShiftR
                0x08002bc8       0xa8 ..\obj\NEXUS_high.o
 .text.NEXUS_ReadDREG
                0x08002c70       0x64 ..\obj\NEXUS_high.o
 .text.NEXUS3_SendData
                0x08002cd4      0x154 ..\obj\NEXUS_high.o
 .text.NEXUS3_FetchData
                0x08002e28      0x1b0 ..\obj\NEXUS_high.o
 .text.NEXUS_HowMuchFailed
                0x08002fd8       0xcc ..\obj\NEXUS_high.o
 .text.NEXUS1_WriteOCMD
                0x080030a4      0x114 ..\obj\NEXUS_high.o
 .text.NEXUS1_ReadOCMDRegister
                0x080031b8       0x5c ..\obj\NEXUS_high.o
 .text.NEXUS_sStep
                0x08003214       0x50 ..\obj\NEXUS_high.o
 .text.NEXUS1_WriteOCMDRegister
                0x08003264       0x64 ..\obj\NEXUS_high.o
 .text.NEXUS_setup
                0x080032c8       0x24 ..\obj\NEXUS_high.o
                0x080032c8                NEXUS_setup
 .text.NEXUS_TargetReady
                0x080032ec      0x114 ..\obj\NEXUS_high.o
                0x080032ec                NEXUS_TargetReady
 .text.NEXUS_ReadRegister
                0x08003400      0x1a4 ..\obj\NEXUS_high.o
                0x08003400                NEXUS_ReadRegister
 .text.NEXUS_WriteRegister
                0x080035a4      0x130 ..\obj\NEXUS_high.o
                0x080035a4                NEXUS_WriteRegister
 .text.NEXUS_ReadMemory
                0x080036d4       0x70 ..\obj\NEXUS_high.o
                0x080036d4                NEXUS_ReadMemory
 .text.NEXUS_WriteMemory
                0x08003744       0x64 ..\obj\NEXUS_high.o
                0x08003744                NEXUS_WriteMemory
 .text.NEXUS_ExecuteIns
                0x080037a8       0xf4 ..\obj\NEXUS_high.o
                0x080037a8                NEXUS_ExecuteIns
 .text.RCC_USBCLKConfig
                0x0800389c        0xc ..\obj\stm32f10x_rcc.o
                0x0800389c                RCC_USBCLKConfig
 .text.RCC_GetClocksFreq
                0x080038a8       0x98 ..\obj\stm32f10x_rcc.o
                0x080038a8                RCC_GetClocksFreq
 .text.RCC_AHBPeriphClockCmd
                0x08003940       0x18 ..\obj\stm32f10x_rcc.o
                0x08003940                RCC_AHBPeriphClockCmd
 .text.RCC_APB2PeriphClockCmd
                0x08003958       0x18 ..\obj\stm32f10x_rcc.o
                0x08003958                RCC_APB2PeriphClockCmd
 .text.RCC_APB1PeriphClockCmd
                0x08003970       0x18 ..\obj\stm32f10x_rcc.o
                0x08003970                RCC_APB1PeriphClockCmd
 .text.RCC_APB2PeriphResetCmd
                0x08003988       0x18 ..\obj\stm32f10x_rcc.o
                0x08003988                RCC_APB2PeriphResetCmd
 .text.RCC_APB1PeriphResetCmd
                0x080039a0       0x18 ..\obj\stm32f10x_rcc.o
                0x080039a0                RCC_APB1PeriphResetCmd
 .text.RCC_MCOConfig
                0x080039b8        0xc ..\obj\stm32f10x_rcc.o
                0x080039b8                RCC_MCOConfig
 .text          0x080039c4       0xfa ..\obj\BDMs_low.o
                0x080039e8                sBDMsendBits
                0x08003a5c                sBDMreceiveBits
 *fill*         0x08003abe        0x2 
 .text.EXTI_ClearITPendingBit
                0x08003ac0        0xc ..\obj\stm32f10x_exti.o
                0x08003ac0                EXTI_ClearITPendingBit
 .text.USART_Init
                0x08003acc       0xbc ..\obj\stm32f10x_usart.o
                0x08003acc                USART_Init
 .text.USART_Cmd
                0x08003b88       0x1c ..\obj\stm32f10x_usart.o
                0x08003b88                USART_Cmd
 .text.USART_GetFlagStatus
                0x08003ba4        0xc ..\obj\stm32f10x_usart.o
                0x08003ba4                USART_GetFlagStatus
 .text.UARTMON_sendByte
                0x08003bb0       0xb4 ..\obj\UARTMON_high.o
 .text.UARTMON_setup
                0x08003c64       0xa8 ..\obj\UARTMON_high.o
                0x08003c64                UARTMON_setup
 .text.UARTMON_TargetReset
                0x08003d0c       0x38 ..\obj\UARTMON_high.o
                0x08003d0c                UARTMON_TargetReset
 .text.UARTMON_InitPort
                0x08003d44       0x14 ..\obj\UARTMON_high.o
                0x08003d44                UARTMON_InitPort
 .text.UARTMON_WriteMemory
                0x08003d58       0x7c ..\obj\UARTMON_high.o
                0x08003d58                UARTMON_WriteMemory
 .text.UARTMON_ReadMemory
                0x08003dd4       0xb4 ..\obj\UARTMON_high.o
                0x08003dd4                UARTMON_ReadMemory
 .text.USB_SIL_Init
                0x08003e88       0x24 ..\obj\usb_sil.o
                0x08003e88                USB_SIL_Init
 .text.USB_SIL_Read
                0x08003eac       0x24 ..\obj\usb_sil.o
                0x08003eac                USB_SIL_Read
 .text.BDM_HCS12_InitPort_int
                0x08003ed0       0x2c ..\obj\BDMs_high.o
 .text.BDM_HCS12_TargetReset_int
                0x08003efc       0x50 ..\obj\BDMs_high.o
 .text.writeFirmware
                0x08003f4c       0x50 ..\obj\BDMs_high.o
 .text.writeWord
                0x08003f9c       0x6c ..\obj\BDMs_high.o
 .text.readWord
                0x08004008       0x6c ..\obj\BDMs_high.o
 .text.readFirmware
                0x08004074       0x50 ..\obj\BDMs_high.o
 .text.BDMHCS12_setup
                0x080040c4      0x120 ..\obj\BDMs_high.o
                0x080040c4                BDMHCS12_setup
 .text.BDMHCS12_InitPort
                0x080041e4       0x10 ..\obj\BDMs_high.o
                0x080041e4                BDMHCS12_InitPort
 .text.BDMHCS12_TargetReset
                0x080041f4        0xc ..\obj\BDMs_high.o
                0x080041f4                BDMHCS12_TargetReset
 .text.BDMHCS12_TargetReady
                0x08004200       0x78 ..\obj\BDMs_high.o
                0x08004200                BDMHCS12_TargetReady
 .text.BDMHCS12_DumpMemory
                0x08004278       0xb4 ..\obj\BDMs_high.o
                0x08004278                BDMHCS12_DumpMemory
 .text.BDMHCS12_WriteMemory
                0x0800432c      0x1bc ..\obj\BDMs_high.o
                0x0800432c                BDMHCS12_WriteMemory
 .text.BDMHCS12_ReadMemory
                0x080044e8      0x174 ..\obj\BDMs_high.o
                0x080044e8                BDMHCS12_ReadMemory
 .text.BDMHCS12_FillMemory
                0x0800465c       0x3c ..\obj\BDMs_high.o
                0x0800465c                BDMHCS12_FillMemory
 .text.BDMHCS12_WriteRegister
                0x08004698       0x34 ..\obj\BDMs_high.o
                0x08004698                BDMHCS12_WriteRegister
 .text.BDMHCS12_ReadRegister
                0x080046cc       0x38 ..\obj\BDMs_high.o
                0x080046cc                BDMHCS12_ReadRegister
 .text.BDMHCS12_TargetStart
                0x08004704       0x44 ..\obj\BDMs_high.o
                0x08004704                BDMHCS12_TargetStart
 .text.BDMHCS12_ReleaseTarg
                0x08004748        0xc ..\obj\BDMs_high.o
                0x08004748                BDMHCS12_ReleaseTarg
 .text._sbrk    0x08004754       0x1c ..\obj\syscalls.o
                0x08004754                _sbrk
 .text._close   0x08004770        0x8 ..\obj\syscalls.o
                0x08004770                _close
 .text._fstat   0x08004778        0xc ..\obj\syscalls.o
                0x08004778                _fstat
 .text._isatty  0x08004784        0x4 ..\obj\syscalls.o
                0x08004784                _isatty
 .text._lseek   0x08004788        0x4 ..\obj\syscalls.o
                0x08004788                _lseek
 .text._read    0x0800478c        0x4 ..\obj\syscalls.o
                0x0800478c                _read
 .text._write   0x08004790        0x4 ..\obj\syscalls.o
                0x08004790                _write
 .text.NMI_Handler
                0x08004794        0x4 ..\obj\stm32_it.o
                0x08004794                NMI_Handler
 .text.HardFault_Handler
                0x08004798        0x4 ..\obj\stm32_it.o
                0x08004798                HardFault_Handler
 .text.MemManage_Handler
                0x0800479c        0x4 ..\obj\stm32_it.o
                0x0800479c                MemManage_Handler
 .text.BusFault_Handler
                0x080047a0        0x4 ..\obj\stm32_it.o
                0x080047a0                BusFault_Handler
 .text.UsageFault_Handler
                0x080047a4        0x4 ..\obj\stm32_it.o
                0x080047a4                UsageFault_Handler
 .text.SVC_Handler
                0x080047a8        0x4 ..\obj\stm32_it.o
                0x080047a8                SVC_Handler
 .text.DebugMon_Handler
                0x080047ac        0x4 ..\obj\stm32_it.o
                0x080047ac                DebugMon_Handler
 .text.PendSV_Handler
                0x080047b0        0x4 ..\obj\stm32_it.o
                0x080047b0                PendSV_Handler
 .text.SysTick_Handler
                0x080047b4        0x4 ..\obj\stm32_it.o
                0x080047b4                SysTick_Handler
 .text.USB_LP_CAN1_RX0_IRQHandler
                0x080047b8        0x4 ..\obj\stm32_it.o
                0x080047b8                USB_LP_CAN1_RX0_IRQHandler
 .text.USBWakeUp_IRQHandler
                0x080047bc        0x8 ..\obj\stm32_it.o
                0x080047bc                USBWakeUp_IRQHandler
 .text.BDMNEW_Shift
                0x080047c4      0x188 ..\obj\BDMn_high.o
 .text.BDMNEW_ExecIns
                0x0800494c       0x38 ..\obj\BDMn_high.o
 .text.BDMNEW_ExecIns_wSentData
                0x08004984       0x4e ..\obj\BDMn_high.o
 .text.BDMNEW_ExecIns_wRecData
                0x080049d2       0x2e ..\obj\BDMn_high.o
 .text.BDMNEW_WriteSPR
                0x08004a00       0xa0 ..\obj\BDMn_high.o
 .text.BDMNEW_ReadSPR
                0x08004aa0       0xa0 ..\obj\BDMn_high.o
 .text.BDMNEW_FillMem
                0x08004b40      0x294 ..\obj\BDMn_high.o
 .text.BDMNEW_WriteMem
                0x08004dd4       0xac ..\obj\BDMn_high.o
 .text.BDMNEW_ReadMem
                0x08004e80       0xac ..\obj\BDMn_high.o
 .text.BDMNEW_InitPort_int
                0x08004f2c       0x2e ..\obj\BDMn_high.o
 .text.BDMNEW_FreezeStatus_int
                0x08004f5a       0x3c ..\obj\BDMn_high.o
 *fill*         0x08004f96        0x2 
 .text.BDMNEW_TargetStart_int
                0x08004f98       0x9c ..\obj\BDMn_high.o
 .text.BDMNEW_InitPort
                0x08005034        0xc ..\obj\BDMn_high.o
                0x08005034                BDMNEW_InitPort
 .text.BDMNEW_TargetReset
                0x08005040       0x70 ..\obj\BDMn_high.o
                0x08005040                BDMNEW_TargetReset
 .text.BDMNEW_TargetStart
                0x080050b0        0xc ..\obj\BDMn_high.o
                0x080050b0                BDMNEW_TargetStart
 .text.BDMNEW_TargetStatus
                0x080050bc       0x12 ..\obj\BDMn_high.o
                0x080050bc                BDMNEW_TargetStatus
 *fill*         0x080050ce        0x2 
 .text.BDMNEW_setup
                0x080050d0       0x3c ..\obj\BDMn_high.o
                0x080050d0                BDMNEW_setup
 .text.BDMNEW_WriteRegister
                0x0800510c       0x3c ..\obj\BDMn_high.o
                0x0800510c                BDMNEW_WriteRegister
 .text.BDMNEW_ReadRegister
                0x08005148       0x3c ..\obj\BDMn_high.o
                0x08005148                BDMNEW_ReadRegister
 .text.BDMNEW_WriteMemory
                0x08005184       0x5a ..\obj\BDMn_high.o
                0x08005184                BDMNEW_WriteMemory
 .text.BDMNEW_ReadMemory
                0x080051de       0x82 ..\obj\BDMn_high.o
                0x080051de                BDMNEW_ReadMemory
 .text.BDMNEW_FillMemory
                0x08005260       0x12 ..\obj\BDMn_high.o
                0x08005260                BDMNEW_FillMemory
 *fill*         0x08005272        0x2 
 .text.BDMNEW_DumpMemory
                0x08005274       0xc4 ..\obj\BDMn_high.o
                0x08005274                BDMNEW_DumpMemory
 .text.BDMNEW_ExecuteIns
                0x08005338       0x68 ..\obj\BDMn_high.o
                0x08005338                BDMNEW_ExecuteIns
 .text.BDMNEW_AssistFlash
                0x080053a0      0x19c ..\obj\BDMn_high.o
                0x080053a0                BDMNEW_AssistFlash
 .text.BDMNEW_ReleaseTarg
                0x0800553c       0x5c ..\obj\BDMn_high.o
                0x0800553c                BDMNEW_ReleaseTarg
 .text.JTAG_ResetState_int
                0x08005598       0x50 ..\obj\JTAG_high.o
 .text.JTAG_ShiftW
                0x080055e8       0x70 ..\obj\JTAG_high.o
 .text.JTAG_ShiftR
                0x08005658       0xa8 ..\obj\JTAG_high.o
 .text.JTAG_setup
                0x08005700       0x18 ..\obj\JTAG_high.o
                0x08005700                JTAG_setup
 .text.JTAG_InitPort
                0x08005718       0x4c ..\obj\JTAG_high.o
                0x08005718                JTAG_InitPort
 .text.JTAG_TargetReset
                0x08005764       0x78 ..\obj\JTAG_high.o
                0x08005764                JTAG_TargetReset
 .text.JTAG_TargetReady
                0x080057dc        0xc ..\obj\JTAG_high.o
                0x080057dc                JTAG_TargetReady
 .text.JTAG_WriteRegister
                0x080057e8       0xa8 ..\obj\JTAG_high.o
                0x080057e8                JTAG_WriteRegister
 .text.JTAG_ReadRegister
                0x08005890       0xbc ..\obj\JTAG_high.o
                0x08005890                JTAG_ReadRegister
 .text.DMA_DeInit
                0x0800594c      0x12c ..\obj\stm32f10x_dma.o
                0x0800594c                DMA_DeInit
 .text.DMA_Init
                0x08005a78       0x40 ..\obj\stm32f10x_dma.o
                0x08005a78                DMA_Init
 .text.DMA_StructInit
                0x08005ab8       0x1c ..\obj\stm32f10x_dma.o
                0x08005ab8                DMA_StructInit
 .text.NVIC_PriorityGroupConfig
                0x08005ad4       0x14 ..\obj\misc.o
                0x08005ad4                NVIC_PriorityGroupConfig
 .text.NVIC_Init
                0x08005ae8       0x64 ..\obj\misc.o
                0x08005ae8                NVIC_Init
 .text.SPI_I2S_DeInit
                0x08005b4c       0x6c ..\obj\stm32f10x_spi.o
                0x08005b4c                SPI_I2S_DeInit
 .text.SPI_Init
                0x08005bb8       0x40 ..\obj\stm32f10x_spi.o
                0x08005bb8                SPI_Init
 .text.SPI_Cmd  0x08005bf8       0x1c ..\obj\stm32f10x_spi.o
                0x08005bf8                SPI_Cmd
 .text.SPI_I2S_DMACmd
                0x08005c14       0x14 ..\obj\stm32f10x_spi.o
                0x08005c14                SPI_I2S_DMACmd
 .text.SPI_CalculateCRC
                0x08005c28       0x1c ..\obj\stm32f10x_spi.o
                0x08005c28                SPI_CalculateCRC
 .text.UserToPMABufferCopy
                0x08005c44       0x28 ..\obj\usb_mem.o
                0x08005c44                UserToPMABufferCopy
 .text.PMAToUserBufferCopy
                0x08005c6c       0x20 ..\obj\usb_mem.o
                0x08005c6c                PMAToUserBufferCopy
 .text          0x08005c8c      0x1fe ..\obj\BDMo_low.o
                0x08005c92                BDMold_shift
                0x08005d22                BDMold_turbodump
                0x08005da8                BDMold_turbofill
 *fill*         0x08005e8a        0x2 
 .text.SetPinDir
                0x08005e8c       0x4c ..\obj\SupportFuncs.o
                0x08005e8c                SetPinDir
 .text.set_Timeout
                0x08005ed8       0x54 ..\obj\SupportFuncs.o
                0x08005ed8                set_Timeout
 .text.sleep    0x08005f2c       0x14 ..\obj\SupportFuncs.o
                0x08005f2c                sleep
 .text.get_Timeout
                0x08005f40        0xc ..\obj\SupportFuncs.o
                0x08005f40                get_Timeout
 .text.TIM2_IRQHandler
                0x08005f4c       0x24 ..\obj\SupportFuncs.o
                0x08005f4c                TIM2_IRQHandler
 *fill*         0x08005f70       0x90 
 .text          0x08006000      0x228 ..\obj\BDMn_low.o
                0x08006000                BDMNEW_DMADumpAS_USB_type2
                0x08006158                BDMNEW_DMAFillAS
 .text.USB_Istr
                0x08006228      0x184 ..\obj\usb_istr.o
                0x08006228                USB_Istr
 .text          0x080063ac      0x21c d:/arm_gcc/6 2017-q2-update/bin/../lib/gcc/arm-none-eabi/6.3.1/thumb/v7-m\libgcc.a(_arm_addsubsf3.o)
                0x080063ac                __aeabi_frsub
                0x080063b4                __subsf3
                0x080063b4                __aeabi_fsub
                0x080063b8                __aeabi_fadd
                0x080063b8                __addsf3
                0x08006518                __aeabi_ui2f
                0x08006518                __floatunsisf
                0x08006520                __aeabi_i2f
                0x08006520                __floatsisf
                0x0800653c                __aeabi_ul2f
                0x0800653c                __floatundisf
                0x0800654c                __aeabi_l2f
                0x0800654c                __floatdisf
 .text          0x080065c8      0x2a0 d:/arm_gcc/6 2017-q2-update/bin/../lib/gcc/arm-none-eabi/6.3.1/thumb/v7-m\libgcc.a(_arm_muldivsf3.o)
                0x080065c8                __mulsf3
                0x080065c8                __aeabi_fmul
                0x08006730                __aeabi_fdiv
                0x08006730                __divsf3
 .text          0x08006868       0xec d:/arm_gcc/6 2017-q2-update/bin/../lib/gcc/arm-none-eabi/6.3.1/thumb/v7-m\libgcc.a(_arm_cmpsf2.o)
                0x08006868                __gesf2
                0x08006868                __gtsf2
                0x08006870                __lesf2
                0x08006870                __ltsf2
                0x08006878                __nesf2
                0x08006878                __eqsf2
                0x08006878                __cmpsf2
                0x080068d8                __aeabi_cfrcmple
                0x080068e0                __aeabi_cfcmpeq
                0x080068e0                __aeabi_cfcmple
                0x080068f0                __aeabi_fcmpeq
                0x08006904                __aeabi_fcmplt
                0x08006918                __aeabi_fcmple
                0x0800692c                __aeabi_fcmpge
                0x08006940                __aeabi_fcmpgt
 .text          0x08006954       0x40 d:/arm_gcc/6 2017-q2-update/bin/../lib/gcc/arm-none-eabi/6.3.1/thumb/v7-m\libgcc.a(_arm_fixunssfsi.o)
                0x08006954                __fixunssfsi
                0x08006954                __aeabi_f2uiz
 .text          0x08006994       0x30 d:/arm_gcc/6 2017-q2-update/bin/../lib/gcc/arm-none-eabi/6.3.1/thumb/v7-m\libgcc.a(_aeabi_uldivmod.o)
                0x08006994                __aeabi_uldivmod
 .text          0x080069c4      0x2dc d:/arm_gcc/6 2017-q2-update/bin/../lib/gcc/arm-none-eabi/6.3.1/thumb/v7-m\libgcc.a(_udivmoddi4.o)
                0x080069c4                __udivmoddi4
 .text          0x08006ca0        0x4 d:/arm_gcc/6 2017-q2-update/bin/../lib/gcc/arm-none-eabi/6.3.1/thumb/v7-m\libgcc.a(_dvmd_tls.o)
                0x08006ca0                __aeabi_idiv0
                0x08006ca0                __aeabi_ldiv0
 .text.printf   0x08006ca4       0x28 d:/arm_gcc/6 2017-q2-update/bin/../lib/gcc/arm-none-eabi/6.3.1/../../../../arm-none-eabi/lib/thumb/v7-m\libg.a(lib_a-printf.o)
                0x08006ca4                printf
 .text._puts_r  0x08006ccc       0x9c d:/arm_gcc/6 2017-q2-update/bin/../lib/gcc/arm-none-eabi/6.3.1/../../../../arm-none-eabi/lib/thumb/v7-m\libg.a(lib_a-puts.o)
                0x08006ccc                _puts_r
 .text.puts     0x08006d68       0x10 d:/arm_gcc/6 2017-q2-update/bin/../lib/gcc/arm-none-eabi/6.3.1/../../../../arm-none-eabi/lib/thumb/v7-m\libg.a(lib_a-puts.o)
                0x08006d68                puts
 .text.strlen   0x08006d78       0x5c d:/arm_gcc/6 2017-q2-update/bin/../lib/gcc/arm-none-eabi/6.3.1/../../../../arm-none-eabi/lib/thumb/v7-m\libg.a(lib_a-strlen-stub.o)
                0x08006d78                strlen
 .text._vfprintf_r
                0x08006dd4     0x15e8 d:/arm_gcc/6 2017-q2-update/bin/../lib/gcc/arm-none-eabi/6.3.1/../../../../arm-none-eabi/lib/thumb/v7-m\libg.a(lib_a-vfprintf.o)
                0x08006dd4                _vfprintf_r
 .text.__sbprintf
                0x080083bc       0x88 d:/arm_gcc/6 2017-q2-update/bin/../lib/gcc/arm-none-eabi/6.3.1/../../../../arm-none-eabi/lib/thumb/v7-m\libg.a(lib_a-vfprintf.o)
 .text.__swsetup_r
                0x08008444       0xc8 d:/arm_gcc/6 2017-q2-update/bin/../lib/gcc/arm-none-eabi/6.3.1/../../../../arm-none-eabi/lib/thumb/v7-m\libg.a(lib_a-wsetup.o)
                0x08008444                __swsetup_r
 .text.quorem   0x0800850c      0x128 d:/arm_gcc/6 2017-q2-update/bin/../lib/gcc/arm-none-eabi/6.3.1/../../../../arm-none-eabi/lib/thumb/v7-m\libg.a(lib_a-dtoa.o)
 *fill*         0x08008634        0x4 
 .text._dtoa_r  0x08008638      0xe44 d:/arm_gcc/6 2017-q2-update/bin/../lib/gcc/arm-none-eabi/6.3.1/../../../../arm-none-eabi/lib/thumb/v7-m\libg.a(lib_a-dtoa.o)
                0x08008638                _dtoa_r
 .text.__sflush_r
                0x0800947c      0x138 d:/arm_gcc/6 2017-q2-update/bin/../lib/gcc/arm-none-eabi/6.3.1/../../../../arm-none-eabi/lib/thumb/v7-m\libg.a(lib_a-fflush.o)
                0x0800947c                __sflush_r
 .text._fflush_r
                0x080095b4       0x54 d:/arm_gcc/6 2017-q2-update/bin/../lib/gcc/arm-none-eabi/6.3.1/../../../../arm-none-eabi/lib/thumb/v7-m\libg.a(lib_a-fflush.o)
                0x080095b4                _fflush_r
 .text._cleanup_r
                0x08009608        0xc d:/arm_gcc/6 2017-q2-update/bin/../lib/gcc/arm-none-eabi/6.3.1/../../../../arm-none-eabi/lib/thumb/v7-m\libg.a(lib_a-findfp.o)
                0x08009608                _cleanup_r
 .text.std.isra.0
                0x08009614       0x50 d:/arm_gcc/6 2017-q2-update/bin/../lib/gcc/arm-none-eabi/6.3.1/../../../../arm-none-eabi/lib/thumb/v7-m\libg.a(lib_a-findfp.o)
 .text.__sinit  0x08009664       0x60 d:/arm_gcc/6 2017-q2-update/bin/../lib/gcc/arm-none-eabi/6.3.1/../../../../arm-none-eabi/lib/thumb/v7-m\libg.a(lib_a-findfp.o)
                0x08009664                __sinit
 .text.__sfp_lock_acquire
                0x080096c4        0xc d:/arm_gcc/6 2017-q2-update/bin/../lib/gcc/arm-none-eabi/6.3.1/../../../../arm-none-eabi/lib/thumb/v7-m\libg.a(lib_a-findfp.o)
                0x080096c4                __sfp_lock_acquire
 .text.__sfp_lock_release
                0x080096d0        0xc d:/arm_gcc/6 2017-q2-update/bin/../lib/gcc/arm-none-eabi/6.3.1/../../../../arm-none-eabi/lib/thumb/v7-m\libg.a(lib_a-findfp.o)
                0x080096d0                __sfp_lock_release
 .text._malloc_trim_r
                0x080096dc       0xa0 d:/arm_gcc/6 2017-q2-update/bin/../lib/gcc/arm-none-eabi/6.3.1/../../../../arm-none-eabi/lib/thumb/v7-m\libg.a(lib_a-freer.o)
                0x080096dc                _malloc_trim_r
 .text._free_r  0x0800977c      0x1cc d:/arm_gcc/6 2017-q2-update/bin/../lib/gcc/arm-none-eabi/6.3.1/../../../../arm-none-eabi/lib/thumb/v7-m\libg.a(lib_a-freer.o)
                0x0800977c                _free_r
 .text.__sfvwrite_r
                0x08009948      0x2f4 d:/arm_gcc/6 2017-q2-update/bin/../lib/gcc/arm-none-eabi/6.3.1/../../../../arm-none-eabi/lib/thumb/v7-m\libg.a(lib_a-fvwrite.o)
                0x08009948                __sfvwrite_r
 .text._fwalk_reent
                0x08009c3c       0x50 d:/arm_gcc/6 2017-q2-update/bin/../lib/gcc/arm-none-eabi/6.3.1/../../../../arm-none-eabi/lib/thumb/v7-m\libg.a(lib_a-fwalk.o)
                0x08009c3c                _fwalk_reent
 .text._localeconv_r
                0x08009c8c       0x1c d:/arm_gcc/6 2017-q2-update/bin/../lib/gcc/arm-none-eabi/6.3.1/../../../../arm-none-eabi/lib/thumb/v7-m\libg.a(lib_a-localeconv.o)
                0x08009c8c                _localeconv_r
 .text.__retarget_lock_init_recursive
                0x08009ca8        0x4 d:/arm_gcc/6 2017-q2-update/bin/../lib/gcc/arm-none-eabi/6.3.1/../../../../arm-none-eabi/lib/thumb/v7-m\libg.a(lib_a-lock.o)
                0x08009ca8                __retarget_lock_init_recursive
 .text.__retarget_lock_close_recursive
                0x08009cac        0x4 d:/arm_gcc/6 2017-q2-update/bin/../lib/gcc/arm-none-eabi/6.3.1/../../../../arm-none-eabi/lib/thumb/v7-m\libg.a(lib_a-lock.o)
                0x08009cac                __retarget_lock_close_recursive
 .text.__retarget_lock_acquire_recursive
                0x08009cb0        0x4 d:/arm_gcc/6 2017-q2-update/bin/../lib/gcc/arm-none-eabi/6.3.1/../../../../arm-none-eabi/lib/thumb/v7-m\libg.a(lib_a-lock.o)
                0x08009cb0                __retarget_lock_acquire_recursive
 .text.__retarget_lock_release_recursive
                0x08009cb4        0x4 d:/arm_gcc/6 2017-q2-update/bin/../lib/gcc/arm-none-eabi/6.3.1/../../../../arm-none-eabi/lib/thumb/v7-m\libg.a(lib_a-lock.o)
                0x08009cb4                __retarget_lock_release_recursive
 .text.__swhatbuf_r
                0x08009cb8       0x5c d:/arm_gcc/6 2017-q2-update/bin/../lib/gcc/arm-none-eabi/6.3.1/../../../../arm-none-eabi/lib/thumb/v7-m\libg.a(lib_a-makebuf.o)
                0x08009cb8                __swhatbuf_r
 .text.__smakebuf_r
                0x08009d14       0x94 d:/arm_gcc/6 2017-q2-update/bin/../lib/gcc/arm-none-eabi/6.3.1/../../../../arm-none-eabi/lib/thumb/v7-m\libg.a(lib_a-makebuf.o)
                0x08009d14                __smakebuf_r
 .text._malloc_r
                0x08009da8      0x544 d:/arm_gcc/6 2017-q2-update/bin/../lib/gcc/arm-none-eabi/6.3.1/../../../../arm-none-eabi/lib/thumb/v7-m\libg.a(lib_a-mallocr.o)
                0x08009da8                _malloc_r
 .text.memchr   0x0800a2ec       0x8c d:/arm_gcc/6 2017-q2-update/bin/../lib/gcc/arm-none-eabi/6.3.1/../../../../arm-none-eabi/lib/thumb/v7-m\libg.a(lib_a-memchr-stub.o)
                0x0800a2ec                memchr
 .text          0x0800a378       0xec d:/arm_gcc/6 2017-q2-update/bin/../lib/gcc/arm-none-eabi/6.3.1/../../../../arm-none-eabi/lib/thumb/v7-m\libg.a(lib_a-memcpy.o)
                0x0800a378                memcpy
 .text.memmove  0x0800a464       0xc8 d:/arm_gcc/6 2017-q2-update/bin/../lib/gcc/arm-none-eabi/6.3.1/../../../../arm-none-eabi/lib/thumb/v7-m\libg.a(lib_a-memmove.o)
                0x0800a464                memmove
 .text.memset   0x0800a52c       0x9c d:/arm_gcc/6 2017-q2-update/bin/../lib/gcc/arm-none-eabi/6.3.1/../../../../arm-none-eabi/lib/thumb/v7-m\libg.a(lib_a-memset.o)
                0x0800a52c                memset
 .text.__malloc_lock
                0x0800a5c8        0xc d:/arm_gcc/6 2017-q2-update/bin/../lib/gcc/arm-none-eabi/6.3.1/../../../../arm-none-eabi/lib/thumb/v7-m\libg.a(lib_a-mlock.o)
                0x0800a5c8                __malloc_lock
 .text.__malloc_unlock
                0x0800a5d4        0xc d:/arm_gcc/6 2017-q2-update/bin/../lib/gcc/arm-none-eabi/6.3.1/../../../../arm-none-eabi/lib/thumb/v7-m\libg.a(lib_a-mlock.o)
                0x0800a5d4                __malloc_unlock
 .text._Balloc  0x0800a5e0       0x4c d:/arm_gcc/6 2017-q2-update/bin/../lib/gcc/arm-none-eabi/6.3.1/../../../../arm-none-eabi/lib/thumb/v7-m\libg.a(lib_a-mprec.o)
                0x0800a5e0                _Balloc
 .text._Bfree   0x0800a62c       0x14 d:/arm_gcc/6 2017-q2-update/bin/../lib/gcc/arm-none-eabi/6.3.1/../../../../arm-none-eabi/lib/thumb/v7-m\libg.a(lib_a-mprec.o)
                0x0800a62c                _Bfree
 .text.__multadd
                0x0800a640       0x84 d:/arm_gcc/6 2017-q2-update/bin/../lib/gcc/arm-none-eabi/6.3.1/../../../../arm-none-eabi/lib/thumb/v7-m\libg.a(lib_a-mprec.o)
                0x0800a640                __multadd
 .text.__hi0bits
                0x0800a6c4       0x40 d:/arm_gcc/6 2017-q2-update/bin/../lib/gcc/arm-none-eabi/6.3.1/../../../../arm-none-eabi/lib/thumb/v7-m\libg.a(lib_a-mprec.o)
                0x0800a6c4                __hi0bits
 .text.__lo0bits
                0x0800a704       0x60 d:/arm_gcc/6 2017-q2-update/bin/../lib/gcc/arm-none-eabi/6.3.1/../../../../arm-none-eabi/lib/thumb/v7-m\libg.a(lib_a-mprec.o)
                0x0800a704                __lo0bits
 .text.__i2b    0x0800a764       0x14 d:/arm_gcc/6 2017-q2-update/bin/../lib/gcc/arm-none-eabi/6.3.1/../../../../arm-none-eabi/lib/thumb/v7-m\libg.a(lib_a-mprec.o)
                0x0800a764                __i2b
 .text.__multiply
                0x0800a778      0x124 d:/arm_gcc/6 2017-q2-update/bin/../lib/gcc/arm-none-eabi/6.3.1/../../../../arm-none-eabi/lib/thumb/v7-m\libg.a(lib_a-mprec.o)
                0x0800a778                __multiply
 .text.__pow5mult
                0x0800a89c       0xa0 d:/arm_gcc/6 2017-q2-update/bin/../lib/gcc/arm-none-eabi/6.3.1/../../../../arm-none-eabi/lib/thumb/v7-m\libg.a(lib_a-mprec.o)
                0x0800a89c                __pow5mult
 .text.__lshift
                0x0800a93c       0xa0 d:/arm_gcc/6 2017-q2-update/bin/../lib/gcc/arm-none-eabi/6.3.1/../../../../arm-none-eabi/lib/thumb/v7-m\libg.a(lib_a-mprec.o)
                0x0800a93c                __lshift
 .text.__mcmp   0x0800a9dc       0x38 d:/arm_gcc/6 2017-q2-update/bin/../lib/gcc/arm-none-eabi/6.3.1/../../../../arm-none-eabi/lib/thumb/v7-m\libg.a(lib_a-mprec.o)
                0x0800a9dc                __mcmp
 .text.__mdiff  0x0800aa14      0x11c d:/arm_gcc/6 2017-q2-update/bin/../lib/gcc/arm-none-eabi/6.3.1/../../../../arm-none-eabi/lib/thumb/v7-m\libg.a(lib_a-mprec.o)
                0x0800aa14                __mdiff
 .text.__d2b    0x0800ab30       0xa8 d:/arm_gcc/6 2017-q2-update/bin/../lib/gcc/arm-none-eabi/6.3.1/../../../../arm-none-eabi/lib/thumb/v7-m\libg.a(lib_a-mprec.o)
                0x0800ab30                __d2b
 .text._realloc_r
                0x0800abd8      0x36c d:/arm_gcc/6 2017-q2-update/bin/../lib/gcc/arm-none-eabi/6.3.1/../../../../arm-none-eabi/lib/thumb/v7-m\libg.a(lib_a-reallocr.o)
                0x0800abd8                _realloc_r
 .text._sbrk_r  0x0800af44       0x24 d:/arm_gcc/6 2017-q2-update/bin/../lib/gcc/arm-none-eabi/6.3.1/../../../../arm-none-eabi/lib/thumb/v7-m\libg.a(lib_a-sbrkr.o)
                0x0800af44                _sbrk_r
 .text.__sread  0x0800af68       0x24 d:/arm_gcc/6 2017-q2-update/bin/../lib/gcc/arm-none-eabi/6.3.1/../../../../arm-none-eabi/lib/thumb/v7-m\libg.a(lib_a-stdio.o)
                0x0800af68                __sread
 .text.__swrite
                0x0800af8c       0x3c d:/arm_gcc/6 2017-q2-update/bin/../lib/gcc/arm-none-eabi/6.3.1/../../../../arm-none-eabi/lib/thumb/v7-m\libg.a(lib_a-stdio.o)
                0x0800af8c                __swrite
 .text.__sseek  0x0800afc8       0x20 d:/arm_gcc/6 2017-q2-update/bin/../lib/gcc/arm-none-eabi/6.3.1/../../../../arm-none-eabi/lib/thumb/v7-m\libg.a(lib_a-stdio.o)
                0x0800afc8                __sseek
 .text.__sclose
                0x0800afe8        0x8 d:/arm_gcc/6 2017-q2-update/bin/../lib/gcc/arm-none-eabi/6.3.1/../../../../arm-none-eabi/lib/thumb/v7-m\libg.a(lib_a-stdio.o)
                0x0800afe8                __sclose
 .text.__sprint_r.part.0
                0x0800aff0       0x80 d:/arm_gcc/6 2017-q2-update/bin/../lib/gcc/arm-none-eabi/6.3.1/../../../../arm-none-eabi/lib/thumb/v7-m\libg.a(lib_a-vfiprintf.o)
 .text.__sprint_r
                0x0800b070       0x14 d:/arm_gcc/6 2017-q2-update/bin/../lib/gcc/arm-none-eabi/6.3.1/../../../../arm-none-eabi/lib/thumb/v7-m\libg.a(lib_a-vfiprintf.o)
                0x0800b070                __sprint_r
 .text._write_r
                0x0800b084       0x2c d:/arm_gcc/6 2017-q2-update/bin/../lib/gcc/arm-none-eabi/6.3.1/../../../../arm-none-eabi/lib/thumb/v7-m\libg.a(lib_a-writer.o)
                0x0800b084                _write_r
 .text._calloc_r
                0x0800b0b0       0x60 d:/arm_gcc/6 2017-q2-update/bin/../lib/gcc/arm-none-eabi/6.3.1/../../../../arm-none-eabi/lib/thumb/v7-m\libg.a(lib_a-callocr.o)
                0x0800b0b0                _calloc_r
 .text._close_r
                0x0800b110       0x24 d:/arm_gcc/6 2017-q2-update/bin/../lib/gcc/arm-none-eabi/6.3.1/../../../../arm-none-eabi/lib/thumb/v7-m\libg.a(lib_a-closer.o)
                0x0800b110                _close_r
 .text._fclose_r
                0x0800b134       0xc4 d:/arm_gcc/6 2017-q2-update/bin/../lib/gcc/arm-none-eabi/6.3.1/../../../../arm-none-eabi/lib/thumb/v7-m\libg.a(lib_a-fclose.o)
                0x0800b134                _fclose_r
 .text.__fputwc
                0x0800b1f8       0x98 d:/arm_gcc/6 2017-q2-update/bin/../lib/gcc/arm-none-eabi/6.3.1/../../../../arm-none-eabi/lib/thumb/v7-m\libg.a(lib_a-fputwc.o)
                0x0800b1f8                __fputwc
 .text._fputwc_r
                0x0800b290       0x68 d:/arm_gcc/6 2017-q2-update/bin/../lib/gcc/arm-none-eabi/6.3.1/../../../../arm-none-eabi/lib/thumb/v7-m\libg.a(lib_a-fputwc.o)
                0x0800b290                _fputwc_r
 .text._fstat_r
                0x0800b2f8       0x28 d:/arm_gcc/6 2017-q2-update/bin/../lib/gcc/arm-none-eabi/6.3.1/../../../../arm-none-eabi/lib/thumb/v7-m\libg.a(lib_a-fstatr.o)
                0x0800b2f8                _fstat_r
 .text._isatty_r
                0x0800b320       0x24 d:/arm_gcc/6 2017-q2-update/bin/../lib/gcc/arm-none-eabi/6.3.1/../../../../arm-none-eabi/lib/thumb/v7-m\libg.a(lib_a-isattyr.o)
                0x0800b320                _isatty_r
 .text.__locale_mb_cur_max
                0x0800b344       0x1c d:/arm_gcc/6 2017-q2-update/bin/../lib/gcc/arm-none-eabi/6.3.1/../../../../arm-none-eabi/lib/thumb/v7-m\libg.a(lib_a-locale.o)
                0x0800b344                __locale_mb_cur_max
 .text._lseek_r
                0x0800b360       0x2c d:/arm_gcc/6 2017-q2-update/bin/../lib/gcc/arm-none-eabi/6.3.1/../../../../arm-none-eabi/lib/thumb/v7-m\libg.a(lib_a-lseekr.o)
                0x0800b360                _lseek_r
 .text.__ascii_mbtowc
                0x0800b38c       0x2c d:/arm_gcc/6 2017-q2-update/bin/../lib/gcc/arm-none-eabi/6.3.1/../../../../arm-none-eabi/lib/thumb/v7-m\libg.a(lib_a-mbtowc_r.o)
                0x0800b38c                __ascii_mbtowc
 .text._read_r  0x0800b3b8       0x2c d:/arm_gcc/6 2017-q2-update/bin/../lib/gcc/arm-none-eabi/6.3.1/../../../../arm-none-eabi/lib/thumb/v7-m\libg.a(lib_a-readr.o)
                0x0800b3b8                _read_r
 .text.__swbuf_r
                0x0800b3e4       0xb0 d:/arm_gcc/6 2017-q2-update/bin/../lib/gcc/arm-none-eabi/6.3.1/../../../../arm-none-eabi/lib/thumb/v7-m\libg.a(lib_a-wbuf.o)
                0x0800b3e4                __swbuf_r
 .text._wcrtomb_r
                0x0800b494       0x54 d:/arm_gcc/6 2017-q2-update/bin/../lib/gcc/arm-none-eabi/6.3.1/../../../../arm-none-eabi/lib/thumb/v7-m\libg.a(lib_a-wcrtomb.o)
                0x0800b494                _wcrtomb_r
 .text.__ascii_wctomb
                0x0800b4e8       0x18 d:/arm_gcc/6 2017-q2-update/bin/../lib/gcc/arm-none-eabi/6.3.1/../../../../arm-none-eabi/lib/thumb/v7-m\libg.a(lib_a-wctomb_r.o)
                0x0800b4e8                __ascii_wctomb
 .text          0x0800b500      0x370 d:/arm_gcc/6 2017-q2-update/bin/../lib/gcc/arm-none-eabi/6.3.1/thumb/v7-m\libgcc.a(_arm_addsubdf3.o)
                0x0800b500                __aeabi_drsub
                0x0800b508                __aeabi_dsub
                0x0800b508                __subdf3
                0x0800b50c                __aeabi_dadd
                0x0800b50c                __adddf3
                0x0800b784                __floatunsidf
                0x0800b784                __aeabi_ui2d
                0x0800b7a4                __floatsidf
                0x0800b7a4                __aeabi_i2d
                0x0800b7c8                __aeabi_f2d
                0x0800b7c8                __extendsfdf2
                0x0800b804                __floatundidf
                0x0800b804                __aeabi_ul2d
                0x0800b814                __floatdidf
                0x0800b814                __aeabi_l2d
 .text          0x0800b870      0x424 d:/arm_gcc/6 2017-q2-update/bin/../lib/gcc/arm-none-eabi/6.3.1/thumb/v7-m\libgcc.a(_arm_muldivdf3.o)
                0x0800b870                __aeabi_dmul
                0x0800b870                __muldf3
                0x0800bac4                __divdf3
                0x0800bac4                __aeabi_ddiv
 .text          0x0800bc94      0x110 d:/arm_gcc/6 2017-q2-update/bin/../lib/gcc/arm-none-eabi/6.3.1/thumb/v7-m\libgcc.a(_arm_cmpdf2.o)
                0x0800bc94                __gtdf2
                0x0800bc94                __gedf2
                0x0800bc9c                __ltdf2
                0x0800bc9c                __ledf2
                0x0800bca4                __nedf2
                0x0800bca4                __eqdf2
                0x0800bca4                __cmpdf2
                0x0800bd20                __aeabi_cdrcmple
                0x0800bd30                __aeabi_cdcmpeq
                0x0800bd30                __aeabi_cdcmple
                0x0800bd40                __aeabi_dcmpeq
                0x0800bd54                __aeabi_dcmplt
                0x0800bd68                __aeabi_dcmple
                0x0800bd7c                __aeabi_dcmpge
                0x0800bd90                __aeabi_dcmpgt
 .text          0x0800bda4       0x2c d:/arm_gcc/6 2017-q2-update/bin/../lib/gcc/arm-none-eabi/6.3.1/thumb/v7-m\libgcc.a(_arm_unorddf2.o)
                0x0800bda4                __unorddf2
                0x0800bda4                __aeabi_dcmpun
 .text          0x0800bdd0       0x50 d:/arm_gcc/6 2017-q2-update/bin/../lib/gcc/arm-none-eabi/6.3.1/thumb/v7-m\libgcc.a(_arm_fixdfsi.o)
                0x0800bdd0                __aeabi_d2iz
                0x0800bdd0                __fixdfsi
 *(.init)
 *(.fini)
 *crtbegin.o(.ctors)
 *crtbegin?.o(.ctors)
 *(EXCLUDE_FILE(*crtend.o *crtend?.o) .ctors)
 *(SORT(.ctors.*))
 *(.ctors)
 *crtbegin.o(.dtors)
 *crtbegin?.o(.dtors)
 *(EXCLUDE_FILE(*crtend.o *crtend?.o) .dtors)
 *(SORT(.dtors.*))
 *(.dtors)
 *(.rodata*)
 .rodata.str1.4
                0x0800be20       0xa6 ..\obj\TAP_shared.o
 *fill*         0x0800bec6        0x2 
 .rodata        0x0800bec8       0x86 ..\obj\usb_desc.o
                0x0800bec8                usb_StringProduct
                0x0800bedc                usb_StringVendor
                0x0800bef4                usb_StringLangID
                0x0800bef8                usb_ConfigDescriptor
                0x0800bf3c                usb_DeviceDescriptor
 *fill*         0x0800bf4e        0x2 
 .rodata.str1.4
                0x0800bf50       0x1c ..\obj\main.o
 .rodata.str1.4
                0x0800bf6c       0xc5 ..\obj\NEXUS_high.o
 *fill*         0x0800c031        0x3 
 .rodata        0x0800c034      0x197 ..\obj\BDMn_high.o
 *fill*         0x0800c1cb        0x1 
 .rodata._puts_r.str1.4
                0x0800c1cc        0x2 d:/arm_gcc/6 2017-q2-update/bin/../lib/gcc/arm-none-eabi/6.3.1/../../../../arm-none-eabi/lib/thumb/v7-m\libg.a(lib_a-puts.o)
 *fill*         0x0800c1ce        0x2 
 .rodata._vfprintf_r.str1.4
                0x0800c1d0       0x42 d:/arm_gcc/6 2017-q2-update/bin/../lib/gcc/arm-none-eabi/6.3.1/../../../../arm-none-eabi/lib/thumb/v7-m\libg.a(lib_a-vfprintf.o)
 *fill*         0x0800c212        0x2 
 .rodata.blanks.7238
                0x0800c214       0x10 d:/arm_gcc/6 2017-q2-update/bin/../lib/gcc/arm-none-eabi/6.3.1/../../../../arm-none-eabi/lib/thumb/v7-m\libg.a(lib_a-vfprintf.o)
 .rodata.zeroes.7239
                0x0800c224       0x10 d:/arm_gcc/6 2017-q2-update/bin/../lib/gcc/arm-none-eabi/6.3.1/../../../../arm-none-eabi/lib/thumb/v7-m\libg.a(lib_a-vfprintf.o)
 .rodata._dtoa_r.str1.4
                0x0800c234       0x10 d:/arm_gcc/6 2017-q2-update/bin/../lib/gcc/arm-none-eabi/6.3.1/../../../../arm-none-eabi/lib/thumb/v7-m\libg.a(lib_a-dtoa.o)
                                 0x12 (size before relaxing)
 *fill*         0x0800c244        0x4 
 .rodata.__mprec_bigtens
                0x0800c248       0x28 d:/arm_gcc/6 2017-q2-update/bin/../lib/gcc/arm-none-eabi/6.3.1/../../../../arm-none-eabi/lib/thumb/v7-m\libg.a(lib_a-mprec.o)
                0x0800c248                __mprec_bigtens
 .rodata.__mprec_tens
                0x0800c270       0xc8 d:/arm_gcc/6 2017-q2-update/bin/../lib/gcc/arm-none-eabi/6.3.1/../../../../arm-none-eabi/lib/thumb/v7-m\libg.a(lib_a-mprec.o)
                0x0800c270                __mprec_tens
 .rodata.p05.6055
                0x0800c338        0xc d:/arm_gcc/6 2017-q2-update/bin/../lib/gcc/arm-none-eabi/6.3.1/../../../../arm-none-eabi/lib/thumb/v7-m\libg.a(lib_a-mprec.o)
 .rodata._setlocale_r.str1.4
                0x0800c344        0xa d:/arm_gcc/6 2017-q2-update/bin/../lib/gcc/arm-none-eabi/6.3.1/../../../../arm-none-eabi/lib/thumb/v7-m\libg.a(lib_a-locale.o)
                                  0xd (size before relaxing)
 *fill*         0x0800c34e        0x2 
 .rodata.str1.4
                0x0800c350        0x4 d:/arm_gcc/6 2017-q2-update/bin/../lib/gcc/arm-none-eabi/6.3.1/../../../../arm-none-eabi/lib/thumb/v7-m\libg.a(lib_a-locale.o)
                                  0x2 (size before relaxing)
 .rodata._ctype_
                0x0800c354      0x101 d:/arm_gcc/6 2017-q2-update/bin/../lib/gcc/arm-none-eabi/6.3.1/../../../../arm-none-eabi/lib/thumb/v7-m\libg.a(lib_a-ctype_.o)
                0x0800c354                _ctype_
 *(.eh_fram e*)

.glue_7         0x0800c458        0x0
 .glue_7        0x0800c458        0x0 linker stubs

.glue_7t        0x0800c458        0x0
 .glue_7t       0x0800c458        0x0 linker stubs

.vfp11_veneer   0x0800c458        0x0
 .vfp11_veneer  0x0800c458        0x0 linker stubs

.v4_bx          0x0800c458        0x0
 .v4_bx         0x0800c458        0x0 linker stubs

.iplt           0x0800c458        0x0
 .iplt          0x0800c458        0x0 ..\obj\stm32f10x_rtc.o

.ARM.extab
 *(.ARM.extab* .gnu.linkonce.armextab.*)
                0x0800c458                __exidx_start = .

.ARM.exidx      0x0800c458        0x8
 *(.ARM.exidx* .gnu.linkonce.armexidx.*)
 .ARM.exidx     0x0800c458        0x8 d:/arm_gcc/6 2017-q2-update/bin/../lib/gcc/arm-none-eabi/6.3.1/thumb/v7-m\libgcc.a(_udivmoddi4.o)
                0x0800c460                __exidx_end = .
                0x0800c460                __etext = .
                0x0800c460                _sidata = __etext

.rel.dyn        0x0800c460        0x0
 .rel.iplt      0x0800c460        0x0 ..\obj\stm32f10x_rtc.o

.data           0x20000000      0xaac load address 0x0800c460
                0x20000000                __data_start__ = .
                0x20000000                _sdata = __data_start__
 *(vtable)
 *(.data*)
 .data          0x20000000       0x1a ..\obj\usb_desc.o
                0x20000000                usb_StringSerial
 *fill*         0x2000001a        0x2 
 .data          0x2000001c       0x8e ..\obj\usb_prop.o
                0x2000001c                linecoding
                0x20000024                Device_Property
                0x20000054                Device_Descriptor
                0x2000005c                Config_Descriptor
                0x20000064                String_Descriptor
                0x20000084                User_Standard_Requests
                0x200000a8                Device_Table
 .data          0x200000aa        0x1 ..\obj\usb_pwr.o
                0x200000aa                fSuspendEnabled
 *fill*         0x200000ab        0x1 
 .data          0x200000ac        0x4 ..\obj\main.o
 .data          0x200000b0        0x1 ..\obj\NEXUS_high.o
 *fill*         0x200000b1        0x3 
 .data          0x200000b4       0x14 ..\obj\stm32f10x_rcc.o
 .data          0x200000c8       0x38 ..\obj\usb_istr.o
                0x200000c8                pEpInt_OUT
                0x200000e4                pEpInt_IN
 .data._impure_ptr
                0x20000100        0x4 d:/arm_gcc/6 2017-q2-update/bin/../lib/gcc/arm-none-eabi/6.3.1/../../../../arm-none-eabi/lib/thumb/v7-m\libg.a(lib_a-impure.o)
                0x20000100                _impure_ptr
 *fill*         0x20000104        0x4 
 .data.impure_data
                0x20000108      0x428 d:/arm_gcc/6 2017-q2-update/bin/../lib/gcc/arm-none-eabi/6.3.1/../../../../arm-none-eabi/lib/thumb/v7-m\libg.a(lib_a-impure.o)
 .data.__malloc_av_
                0x20000530      0x408 d:/arm_gcc/6 2017-q2-update/bin/../lib/gcc/arm-none-eabi/6.3.1/../../../../arm-none-eabi/lib/thumb/v7-m\libg.a(lib_a-mallocr.o)
                0x20000530                __malloc_av_
 .data.__malloc_sbrk_base
                0x20000938        0x4 d:/arm_gcc/6 2017-q2-update/bin/../lib/gcc/arm-none-eabi/6.3.1/../../../../arm-none-eabi/lib/thumb/v7-m\libg.a(lib_a-mallocr.o)
                0x20000938                __malloc_sbrk_base
 .data.__malloc_trim_threshold
                0x2000093c        0x4 d:/arm_gcc/6 2017-q2-update/bin/../lib/gcc/arm-none-eabi/6.3.1/../../../../arm-none-eabi/lib/thumb/v7-m\libg.a(lib_a-mallocr.o)
                0x2000093c                __malloc_trim_threshold
 .data.__global_locale
                0x20000940      0x16c d:/arm_gcc/6 2017-q2-update/bin/../lib/gcc/arm-none-eabi/6.3.1/../../../../arm-none-eabi/lib/thumb/v7-m\libg.a(lib_a-locale.o)
                0x20000940                __global_locale
                0x20000aac                . = ALIGN (0x4)
                [!provide]                PROVIDE (__preinit_array_start, .)
 *(.preinit_array)
                [!provide]                PROVIDE (__preinit_array_end, .)
                0x20000aac                . = ALIGN (0x4)
                [!provide]                PROVIDE (__init_array_start, .)
 *(SORT(.init_array.*))
 *(.init_array)
                [!provide]                PROVIDE (__init_array_end, .)
                0x20000aac                . = ALIGN (0x4)
                [!provide]                PROVIDE (__fini_array_start, .)
 *(SORT(.fini_array.*))
 *(.fini_array)
                [!provide]                PROVIDE (__fini_array_end, .)
 *(.jcr*)
                0x20000aac                . = ALIGN (0x4)
                0x20000aac                __data_end__ = .
                0x20000aac                _edata = __data_end__

.igot.plt       0x20000aac        0x0 load address 0x0800cf0c
 .igot.plt      0x20000aac        0x0 ..\obj\stm32f10x_rtc.o

.bss            0x20000aac     0x11e8 load address 0x0800cf0c
                0x20000aac                . = ALIGN (0x4)
                0x20000aac                __bss_start__ = .
                0x20000aac                _sbss = __bss_start__
 *(.bss*)
 .bss           0x20000aac        0x8 ..\obj\usb_core.o
                0x20000aac                Data_Mul_MaxPacketSize
                0x20000ab0                DevRemoteWakeup
 .bss           0x20000ab4      0x804 ..\obj\TAP_shared.o
 .bss           0x200012b8        0x1 ..\obj\usb_prop.o
                0x200012b8                Request
 *fill*         0x200012b9        0x3 
 .bss           0x200012bc        0x8 ..\obj\usb_pwr.o
                0x200012bc                remotewakeupon
                0x200012c0                bDeviceState
 .bss           0x200012c4        0x8 ..\obj\main.o
 .bss           0x200012cc        0x6 ..\obj\NEXUS_high.o
 *fill*         0x200012d2        0x2 
 .bss           0x200012d4       0x10 ..\obj\BDMs_high.o
 .bss           0x200012e4        0x4 ..\obj\syscalls.o
 .bss           0x200012e8        0x4 ..\obj\BDMn_high.o
 .bss           0x200012ec        0x4 ..\obj\JTAG_high.o
 .bss           0x200012f0        0x4 ..\obj\SupportFuncs.o
 .bss           0x200012f4        0xc ..\obj\usb_istr.o
                0x200012f4                bIntPackSOF
                0x200012f8                esof_counter
                0x200012fc                wCNTR
 .bss.__malloc_current_mallinfo
                0x20001300       0x28 d:/arm_gcc/6 2017-q2-update/bin/../lib/gcc/arm-none-eabi/6.3.1/../../../../arm-none-eabi/lib/thumb/v7-m\libg.a(lib_a-mallocr.o)
                0x20001300                __malloc_current_mallinfo
 .bss.__malloc_max_sbrked_mem
                0x20001328        0x4 d:/arm_gcc/6 2017-q2-update/bin/../lib/gcc/arm-none-eabi/6.3.1/../../../../arm-none-eabi/lib/thumb/v7-m\libg.a(lib_a-mallocr.o)
                0x20001328                __malloc_max_sbrked_mem
 .bss.__malloc_max_total_mem
                0x2000132c        0x4 d:/arm_gcc/6 2017-q2-update/bin/../lib/gcc/arm-none-eabi/6.3.1/../../../../arm-none-eabi/lib/thumb/v7-m\libg.a(lib_a-mallocr.o)
                0x2000132c                __malloc_max_total_mem
 .bss.__malloc_top_pad
                0x20001330        0x4 d:/arm_gcc/6 2017-q2-update/bin/../lib/gcc/arm-none-eabi/6.3.1/../../../../arm-none-eabi/lib/thumb/v7-m\libg.a(lib_a-mallocr.o)
                0x20001330                __malloc_top_pad
 *(COMMON)
 COMMON         0x20001334      0x808 ..\obj\usb_core.o
                0x20001334                usbrec
                0x20001338                StatusInfo
                0x2000133c                receiveBuffer
 COMMON         0x20001b3c       0x80 ..\obj\BDMo_high.o
                0x20001b3c                turbodata
                0x20001b60                TAP_funcPntrs
                0x20001b9c                TAP_Configs
                0x20001ba0                testdata
 COMMON         0x20001bbc        0x4 ..\obj\usb_int.o
                0x20001bbc                SaveRState
                0x20001bbe                SaveTState
 COMMON         0x20001bc0       0x24 ..\obj\usb_pwr.o
                0x20001bc0                ResumeS
                0x20001bc4                EP
 COMMON         0x20001be4       0x32 ..\obj\usb_init.o
                0x20001be4                SaveState
                0x20001be8                pProperty
                0x20001bec                EPindex
                0x20001bf0                Device_Info
                0x20001c0c                pUser_Standard_Requests
                0x20001c10                pInformation
                0x20001c14                wInterrupt_Mask
 *fill*         0x20001c16        0x2 
 COMMON         0x20001c18       0x1c ..\obj\NEXUS_high.o
                0x20001c18                OnCE_CPUSCR
                0x20001c30                OnCE_DBSR
 COMMON         0x20001c34       0x34 ..\obj\BDMs_high.o
                0x20001c34                sbdmpack
 COMMON         0x20001c68        0x2 ..\obj\usb_istr.o
                0x20001c68                wIstr
 *fill*         0x20001c6a        0x2 
 COMMON         0x20001c6c       0x21 d:/arm_gcc/6 2017-q2-update/bin/../lib/gcc/arm-none-eabi/6.3.1/../../../../arm-none-eabi/lib/thumb/v7-m\libg.a(lib_a-lock.o)
                0x20001c6c                __lock___atexit_recursive_mutex
                0x20001c70                __lock___arc4random_mutex
                0x20001c74                __lock___env_recursive_mutex
                0x20001c78                __lock___sinit_recursive_mutex
                0x20001c7c                __lock___malloc_recursive_mutex
                0x20001c80                __lock___at_quick_exit_mutex
                0x20001c84                __lock___dd_hash_mutex
                0x20001c88                __lock___tz_mutex
                0x20001c8c                __lock___sfp_recursive_mutex
 *fill*         0x20001c8d        0x3 
 COMMON         0x20001c90        0x4 d:/arm_gcc/6 2017-q2-update/bin/../lib/gcc/arm-none-eabi/6.3.1/../../../../arm-none-eabi/lib/thumb/v7-m\libg.a(lib_a-reent.o)
                0x20001c90                errno
                0x20001c94                . = ALIGN (0x4)
                0x20001c94                __bss_end__ = .
                0x20001c94                _ebss = __bss_end__

.heap           0x20001c94        0x0
                0x20001c94                __end__ = .
                0x20001c94                _end = __end__
                0x20001c94                end = __end__
 *(.heap*)
                0x20001c94                __HeapLimit = .

.co_stack       0x20001c94      0x404 load address 0x0800e0f4
                0x20001c98                . = ALIGN (0x8)
 *fill*         0x20001c94        0x4 
 *(.co_stack .co_stack.*)
 .co_stack      0x20001c98      0x400 ..\obj\startup_stm32f10x_md.o
                0x20001c98                pulStack
                0x20005000                __StackTop = (ORIGIN (ram) + LENGTH (ram))
                0x20004bfc                __StackLimit = (__StackTop - SIZEOF (.co_stack))
                [!provide]                PROVIDE (__stack, __StackTop)
                0x00000001                ASSERT ((__StackLimit >= __HeapLimit), region ram  overflowed with stack)
LOAD ..\obj\stm32f10x_rtc.o
LOAD ..\obj\usb_core.o
LOAD ..\obj\BDMo_high.o
LOAD ..\obj\TAP_shared.o
LOAD ..\obj\stm32f10x_tim.o
LOAD ..\obj\usb_int.o
LOAD ..\obj\stm32f10x_dbgmcu.o
LOAD ..\obj\system_stm32f10x.o
LOAD ..\obj\TAP_lowlev.o
LOAD ..\obj\usb_desc.o
LOAD ..\obj\usb_regs.o
LOAD ..\obj\stm32f10x_fsmc.o
LOAD ..\obj\startup_stm32f10x_md.o
LOAD ..\obj\stm32f10x_pwr.o
LOAD ..\obj\stm32f10x_can.o
LOAD ..\obj\hw_config.o
LOAD ..\obj\stm32f10x_gpio.o
LOAD ..\obj\usb_prop.o
LOAD ..\obj\usb_pwr.o
LOAD ..\obj\stm32f10x_dac.o
LOAD ..\obj\usb_init.o
LOAD ..\obj\main.o
LOAD ..\obj\stm32f10x_crc.o
LOAD ..\obj\NEXUS_high.o
LOAD ..\obj\stm32f10x_rcc.o
LOAD ..\obj\BDMs_low.o
LOAD ..\obj\stm32f10x_exti.o
LOAD ..\obj\stm32f10x_adc.o
LOAD ..\obj\stm32f10x_usart.o
LOAD ..\obj\UARTMON_high.o
LOAD ..\obj\usb_sil.o
LOAD ..\obj\BDMs_high.o
LOAD ..\obj\syscalls.o
LOAD ..\obj\stm32f10x_flash.o
LOAD ..\obj\stm32f10x_cec.o
LOAD ..\obj\stm32_it.o
LOAD ..\obj\BDMn_high.o
LOAD ..\obj\JTAG_high.o
LOAD ..\obj\stm32f10x_sdio.o
LOAD ..\obj\stm32f10x_dma.o
LOAD ..\obj\misc.o
LOAD ..\obj\stm32f10x_wwdg.o
LOAD ..\obj\stm32f10x_spi.o
LOAD ..\obj\stm32f10x_i2c.o
LOAD ..\obj\usb_mem.o
LOAD ..\obj\BDMo_low.o
LOAD ..\obj\SupportFuncs.o
LOAD ..\obj\BDMn_low.o
LOAD ..\obj\usb_istr.o
LOAD ..\obj\stm32f10x_bkp.o
LOAD ..\obj\stm32f10x_iwdg.o
START GROUP
LOAD d:/arm_gcc/6 2017-q2-update/bin/../lib/gcc/arm-none-eabi/6.3.1/thumb/v7-m\libgcc.a
LOAD d:/arm_gcc/6 2017-q2-update/bin/../lib/gcc/arm-none-eabi/6.3.1/../../../../arm-none-eabi/lib/thumb/v7-m\libg.a
LOAD d:/arm_gcc/6 2017-q2-update/bin/../lib/gcc/arm-none-eabi/6.3.1/../../../../arm-none-eabi/lib/thumb/v7-m\libc.a
END GROUP
OUTPUT(JTAGNXS.elf elf32-littlearm)

.debug_info     0x00000000    0x247cc
 .debug_info    0x00000000     0x1789 ..\obj\usb_core.o
 .debug_info    0x00001789     0x2016 ..\obj\BDMo_high.o
 .debug_info    0x0000379f     0x1a88 ..\obj\TAP_shared.o
 .debug_info    0x00005227     0x23bc ..\obj\stm32f10x_tim.o
 .debug_info    0x000075e3      0xe14 ..\obj\usb_int.o
 .debug_info    0x000083f7      0x4c7 ..\obj\system_stm32f10x.o
 .debug_info    0x000088be       0xc3 ..\obj\TAP_lowlev.o
 .debug_info    0x00008981      0xdfd ..\obj\usb_desc.o
 .debug_info    0x0000977e     0x1888 ..\obj\usb_regs.o
 .debug_info    0x0000b006      0x131 ..\obj\startup_stm32f10x_md.o
 .debug_info    0x0000b137     0x14c0 ..\obj\hw_config.o
 .debug_info    0x0000c5f7      0x896 ..\obj\stm32f10x_gpio.o
 .debug_info    0x0000ce8d     0x1458 ..\obj\usb_prop.o
 .debug_info    0x0000e2e5      0xfc4 ..\obj\usb_pwr.o
 .debug_info    0x0000f2a9      0xd63 ..\obj\usb_init.o
 .debug_info    0x0001000c     0x216d ..\obj\main.o
 .debug_info    0x00012179     0x32ba ..\obj\NEXUS_high.o
 .debug_info    0x00015433      0x947 ..\obj\stm32f10x_rcc.o
 .debug_info    0x00015d7a       0xca ..\obj\BDMs_low.o
 .debug_info    0x00015e44      0x361 ..\obj\stm32f10x_exti.o
 .debug_info    0x000161a5      0xb31 ..\obj\stm32f10x_usart.o
 .debug_info    0x00016cd6     0x1399 ..\obj\UARTMON_high.o
 .debug_info    0x0001806f      0xe62 ..\obj\usb_sil.o
 .debug_info    0x00018ed1     0x1bff ..\obj\BDMs_high.o
 .debug_info    0x0001aad0      0xc65 ..\obj\syscalls.o
 .debug_info    0x0001b735      0xe11 ..\obj\stm32_it.o
 .debug_info    0x0001c546     0x2bc0 ..\obj\BDMn_high.o
 .debug_info    0x0001f106     0x1427 ..\obj\JTAG_high.o
 .debug_info    0x0002052d      0x45f ..\obj\stm32f10x_dma.o
 .debug_info    0x0002098c      0x54d ..\obj\misc.o
 .debug_info    0x00020ed9      0x9d4 ..\obj\stm32f10x_spi.o
 .debug_info    0x000218ad      0xdf9 ..\obj\usb_mem.o
 .debug_info    0x000226a6       0xc9 ..\obj\BDMo_low.o
 .debug_info    0x0002276f     0x10e1 ..\obj\SupportFuncs.o
 .debug_info    0x00023850       0xc9 ..\obj\BDMn_low.o
 .debug_info    0x00023919      0xeb3 ..\obj\usb_istr.o

.debug_abbrev   0x00000000     0x5d17
 .debug_abbrev  0x00000000      0x4b4 ..\obj\usb_core.o
 .debug_abbrev  0x000004b4      0x460 ..\obj\BDMo_high.o
 .debug_abbrev  0x00000914      0x4a1 ..\obj\TAP_shared.o
 .debug_abbrev  0x00000db5      0x2d5 ..\obj\stm32f10x_tim.o
 .debug_abbrev  0x0000108a      0x26f ..\obj\usb_int.o
 .debug_abbrev  0x000012f9      0x18a ..\obj\system_stm32f10x.o
 .debug_abbrev  0x00001483       0x14 ..\obj\TAP_lowlev.o
 .debug_abbrev  0x00001497      0x1ef ..\obj\usb_desc.o
 .debug_abbrev  0x00001686      0x394 ..\obj\usb_regs.o
 .debug_abbrev  0x00001a1a       0xed ..\obj\startup_stm32f10x_md.o
 .debug_abbrev  0x00001b07      0x327 ..\obj\hw_config.o
 .debug_abbrev  0x00001e2e      0x211 ..\obj\stm32f10x_gpio.o
 .debug_abbrev  0x0000203f      0x338 ..\obj\usb_prop.o
 .debug_abbrev  0x00002377      0x36c ..\obj\usb_pwr.o
 .debug_abbrev  0x000026e3      0x208 ..\obj\usb_init.o
 .debug_abbrev  0x000028eb      0x3ad ..\obj\main.o
 .debug_abbrev  0x00002c98      0x50d ..\obj\NEXUS_high.o
 .debug_abbrev  0x000031a5      0x27d ..\obj\stm32f10x_rcc.o
 .debug_abbrev  0x00003422       0x14 ..\obj\BDMs_low.o
 .debug_abbrev  0x00003436      0x1bf ..\obj\stm32f10x_exti.o
 .debug_abbrev  0x000035f5      0x1f5 ..\obj\stm32f10x_usart.o
 .debug_abbrev  0x000037ea      0x35b ..\obj\UARTMON_high.o
 .debug_abbrev  0x00003b45      0x280 ..\obj\usb_sil.o
 .debug_abbrev  0x00003dc5      0x46d ..\obj\BDMs_high.o
 .debug_abbrev  0x00004232      0x275 ..\obj\syscalls.o
 .debug_abbrev  0x000044a7      0x2aa ..\obj\stm32_it.o
 .debug_abbrev  0x00004751      0x537 ..\obj\BDMn_high.o
 .debug_abbrev  0x00004c88      0x3a7 ..\obj\JTAG_high.o
 .debug_abbrev  0x0000502f      0x1dc ..\obj\stm32f10x_dma.o
 .debug_abbrev  0x0000520b      0x17f ..\obj\misc.o
 .debug_abbrev  0x0000538a      0x1f7 ..\obj\stm32f10x_spi.o
 .debug_abbrev  0x00005581      0x22d ..\obj\usb_mem.o
 .debug_abbrev  0x000057ae       0x14 ..\obj\BDMo_low.o
 .debug_abbrev  0x000057c2      0x2d2 ..\obj\SupportFuncs.o
 .debug_abbrev  0x00005a94       0x14 ..\obj\BDMn_low.o
 .debug_abbrev  0x00005aa8      0x26f ..\obj\usb_istr.o

.debug_loc      0x00000000     0xbb04
 .debug_loc     0x00000000      0xb11 ..\obj\usb_core.o
 .debug_loc     0x00000b11      0xec1 ..\obj\BDMo_high.o
 .debug_loc     0x000019d2      0x99e ..\obj\TAP_shared.o
 .debug_loc     0x00002370     0x1d6b ..\obj\stm32f10x_tim.o
 .debug_loc     0x000040db       0x7d ..\obj\usb_int.o
 .debug_loc     0x00004158       0xbc ..\obj\system_stm32f10x.o
 .debug_loc     0x00004214      0xa09 ..\obj\usb_regs.o
 .debug_loc     0x00004c1d       0x2b ..\obj\startup_stm32f10x_md.o
 .debug_loc     0x00004c48      0x10c ..\obj\hw_config.o
 .debug_loc     0x00004d54      0x597 ..\obj\stm32f10x_gpio.o
 .debug_loc     0x000052eb      0x1e1 ..\obj\usb_prop.o
 .debug_loc     0x000054cc      0x11d ..\obj\usb_pwr.o
 .debug_loc     0x000055e9       0xe8 ..\obj\main.o
 .debug_loc     0x000056d1     0x1a93 ..\obj\NEXUS_high.o
 .debug_loc     0x00007164      0x705 ..\obj\stm32f10x_rcc.o
 .debug_loc     0x00007869      0x212 ..\obj\stm32f10x_exti.o
 .debug_loc     0x00007a7b      0x811 ..\obj\stm32f10x_usart.o
 .debug_loc     0x0000828c      0x459 ..\obj\UARTMON_high.o
 .debug_loc     0x000086e5       0xcf ..\obj\usb_sil.o
 .debug_loc     0x000087b4      0x7e8 ..\obj\BDMs_high.o
 .debug_loc     0x00008f9c       0xfe ..\obj\syscalls.o
 .debug_loc     0x0000909a     0x1837 ..\obj\BDMn_high.o
 .debug_loc     0x0000a8d1      0x635 ..\obj\JTAG_high.o
 .debug_loc     0x0000af06      0x12a ..\obj\stm32f10x_dma.o
 .debug_loc     0x0000b030      0x147 ..\obj\misc.o
 .debug_loc     0x0000b177      0x54a ..\obj\stm32f10x_spi.o
 .debug_loc     0x0000b6c1      0x283 ..\obj\usb_mem.o
 .debug_loc     0x0000b944      0x18a ..\obj\SupportFuncs.o
 .debug_loc     0x0000bace       0x36 ..\obj\usb_istr.o

.debug_aranges  0x00000000     0x11a0
 .debug_aranges
                0x00000000       0x98 ..\obj\usb_core.o
 .debug_aranges
                0x00000098       0xa0 ..\obj\BDMo_high.o
 .debug_aranges
                0x00000138       0x60 ..\obj\TAP_shared.o
 .debug_aranges
                0x00000198      0x2d0 ..\obj\stm32f10x_tim.o
 .debug_aranges
                0x00000468       0x28 ..\obj\usb_int.o
 .debug_aranges
                0x00000490       0x28 ..\obj\system_stm32f10x.o
 .debug_aranges
                0x000004b8       0x20 ..\obj\TAP_lowlev.o
 .debug_aranges
                0x000004d8       0x18 ..\obj\usb_desc.o
 .debug_aranges
                0x000004f0      0x1a0 ..\obj\usb_regs.o
 .debug_aranges
                0x00000690       0x28 ..\obj\startup_stm32f10x_md.o
 .debug_aranges
                0x000006b8       0x50 ..\obj\hw_config.o
 .debug_aranges
                0x00000708       0xa8 ..\obj\stm32f10x_gpio.o
 .debug_aranges
                0x000007b0       0x80 ..\obj\usb_prop.o
 .debug_aranges
                0x00000830       0x40 ..\obj\usb_pwr.o
 .debug_aranges
                0x00000870       0x20 ..\obj\usb_init.o
 .debug_aranges
                0x00000890       0x70 ..\obj\main.o
 .debug_aranges
                0x00000900       0xb8 ..\obj\NEXUS_high.o
 .debug_aranges
                0x000009b8      0x118 ..\obj\stm32f10x_rcc.o
 .debug_aranges
                0x00000ad0       0x20 ..\obj\BDMs_low.o
 .debug_aranges
                0x00000af0       0x50 ..\obj\stm32f10x_exti.o
 .debug_aranges
                0x00000b40      0x100 ..\obj\stm32f10x_usart.o
 .debug_aranges
                0x00000c40       0x48 ..\obj\UARTMON_high.o
 .debug_aranges
                0x00000c88       0x30 ..\obj\usb_sil.o
 .debug_aranges
                0x00000cb8       0xa0 ..\obj\BDMs_high.o
 .debug_aranges
                0x00000d58       0x58 ..\obj\syscalls.o
 .debug_aranges
                0x00000db0       0x50 ..\obj\stm32_it.o
 .debug_aranges
                0x00000e00       0xf0 ..\obj\BDMn_high.o
 .debug_aranges
                0x00000ef0       0x60 ..\obj\JTAG_high.o
 .debug_aranges
                0x00000f50       0x60 ..\obj\stm32f10x_dma.o
 .debug_aranges
                0x00000fb0       0x40 ..\obj\misc.o
 .debug_aranges
                0x00000ff0       0xd0 ..\obj\stm32f10x_spi.o
 .debug_aranges
                0x000010c0       0x28 ..\obj\usb_mem.o
 .debug_aranges
                0x000010e8       0x20 ..\obj\BDMo_low.o
 .debug_aranges
                0x00001108       0x58 ..\obj\SupportFuncs.o
 .debug_aranges
                0x00001160       0x20 ..\obj\BDMn_low.o
 .debug_aranges
                0x00001180       0x20 ..\obj\usb_istr.o

.debug_ranges   0x00000000     0x20c0
 .debug_ranges  0x00000000      0x1c0 ..\obj\usb_core.o
 .debug_ranges  0x000001c0      0x278 ..\obj\BDMo_high.o
 .debug_ranges  0x00000438      0x100 ..\obj\TAP_shared.o
 .debug_ranges  0x00000538      0x3e0 ..\obj\stm32f10x_tim.o
 .debug_ranges  0x00000918       0x30 ..\obj\usb_int.o
 .debug_ranges  0x00000948       0x40 ..\obj\system_stm32f10x.o
 .debug_ranges  0x00000988      0x348 ..\obj\usb_regs.o
 .debug_ranges  0x00000cd0       0x18 ..\obj\startup_stm32f10x_md.o
 .debug_ranges  0x00000ce8       0x40 ..\obj\hw_config.o
 .debug_ranges  0x00000d28       0x98 ..\obj\stm32f10x_gpio.o
 .debug_ranges  0x00000dc0       0x70 ..\obj\usb_prop.o
 .debug_ranges  0x00000e30       0x68 ..\obj\usb_pwr.o
 .debug_ranges  0x00000e98       0x10 ..\obj\usb_init.o
 .debug_ranges  0x00000ea8       0x88 ..\obj\main.o
 .debug_ranges  0x00000f30      0x570 ..\obj\NEXUS_high.o
 .debug_ranges  0x000014a0      0x128 ..\obj\stm32f10x_rcc.o
 .debug_ranges  0x000015c8       0x40 ..\obj\stm32f10x_exti.o
 .debug_ranges  0x00001608       0xf0 ..\obj\stm32f10x_usart.o
 .debug_ranges  0x000016f8       0xe8 ..\obj\UARTMON_high.o
 .debug_ranges  0x000017e0       0x20 ..\obj\usb_sil.o
 .debug_ranges  0x00001800      0x198 ..\obj\BDMs_high.o
 .debug_ranges  0x00001998       0x48 ..\obj\syscalls.o
 .debug_ranges  0x000019e0       0x40 ..\obj\stm32_it.o
 .debug_ranges  0x00001a20      0x340 ..\obj\BDMn_high.o
 .debug_ranges  0x00001d60      0x1b0 ..\obj\JTAG_high.o
 .debug_ranges  0x00001f10       0x50 ..\obj\stm32f10x_dma.o
 .debug_ranges  0x00001f60       0x30 ..\obj\misc.o
 .debug_ranges  0x00001f90       0xc0 ..\obj\stm32f10x_spi.o
 .debug_ranges  0x00002050       0x18 ..\obj\usb_mem.o
 .debug_ranges  0x00002068       0x48 ..\obj\SupportFuncs.o
 .debug_ranges  0x000020b0       0x10 ..\obj\usb_istr.o

.debug_line     0x00000000     0xac78
 .debug_line    0x00000000      0x77f ..\obj\usb_core.o
 .debug_line    0x0000077f      0x774 ..\obj\BDMo_high.o
 .debug_line    0x00000ef3      0x7a8 ..\obj\TAP_shared.o
 .debug_line    0x0000169b      0xd7c ..\obj\stm32f10x_tim.o
 .debug_line    0x00002417      0x3cb ..\obj\usb_int.o
 .debug_line    0x000027e2      0x22e ..\obj\system_stm32f10x.o
 .debug_line    0x00002a10       0x84 ..\obj\TAP_lowlev.o
 .debug_line    0x00002a94      0x31d ..\obj\usb_desc.o
 .debug_line    0x00002db1      0x730 ..\obj\usb_regs.o
 .debug_line    0x000034e1       0xbe ..\obj\startup_stm32f10x_md.o
 .debug_line    0x0000359f      0x4c5 ..\obj\hw_config.o
 .debug_line    0x00003a64      0x489 ..\obj\stm32f10x_gpio.o
 .debug_line    0x00003eed      0x49d ..\obj\usb_prop.o
 .debug_line    0x0000438a      0x476 ..\obj\usb_pwr.o
 .debug_line    0x00004800      0x34c ..\obj\usb_init.o
 .debug_line    0x00004b4c      0x6db ..\obj\main.o
 .debug_line    0x00005227      0xaf5 ..\obj\NEXUS_high.o
 .debug_line    0x00005d1c      0x570 ..\obj\stm32f10x_rcc.o
 .debug_line    0x0000628c       0xd1 ..\obj\BDMs_low.o
 .debug_line    0x0000635d      0x33f ..\obj\stm32f10x_exti.o
 .debug_line    0x0000669c      0x577 ..\obj\stm32f10x_usart.o
 .debug_line    0x00006c13      0x53e ..\obj\UARTMON_high.o
 .debug_line    0x00007151      0x384 ..\obj\usb_sil.o
 .debug_line    0x000074d5      0x891 ..\obj\BDMs_high.o
 .debug_line    0x00007d66      0x205 ..\obj\syscalls.o
 .debug_line    0x00007f6b      0x420 ..\obj\stm32_it.o
 .debug_line    0x0000838b      0xa48 ..\obj\BDMn_high.o
 .debug_line    0x00008dd3      0x55f ..\obj\JTAG_high.o
 .debug_line    0x00009332      0x398 ..\obj\stm32f10x_dma.o
 .debug_line    0x000096ca      0x2ed ..\obj\misc.o
 .debug_line    0x000099b7      0x4e7 ..\obj\stm32f10x_spi.o
 .debug_line    0x00009e9e      0x382 ..\obj\usb_mem.o
 .debug_line    0x0000a220      0x15a ..\obj\BDMo_low.o
 .debug_line    0x0000a37a      0x408 ..\obj\SupportFuncs.o
 .debug_line    0x0000a782      0x127 ..\obj\BDMn_low.o
 .debug_line    0x0000a8a9      0x3cf ..\obj\usb_istr.o

.debug_str      0x00000000     0x6434
 .debug_str     0x00000000      0xe0b ..\obj\usb_core.o
                                0xfeb (size before relaxing)
 .debug_str     0x00000e0b      0xa2b ..\obj\BDMo_high.o
                               0x1034 (size before relaxing)
 .debug_str     0x00001836      0x539 ..\obj\TAP_shared.o
                                0xfb3 (size before relaxing)
 .debug_str     0x00001d6f      0xc1b ..\obj\stm32f10x_tim.o
                                0xe5d (size before relaxing)
 .debug_str     0x0000298a       0x96 ..\obj\usb_int.o
                                0xa83 (size before relaxing)
 .debug_str     0x00002a20      0x184 ..\obj\system_stm32f10x.o
                                0x32d (size before relaxing)
 .debug_str     0x00002ba4       0xba ..\obj\usb_desc.o
                                0xa76 (size before relaxing)
 .debug_str     0x00002c5e      0x3cd ..\obj\usb_regs.o
                                0xe08 (size before relaxing)
 .debug_str     0x0000302b       0xec ..\obj\startup_stm32f10x_md.o
                                0x197 (size before relaxing)
 .debug_str     0x00003117      0x73f ..\obj\hw_config.o
                               0x11dd (size before relaxing)
 .debug_str     0x00003856      0x26c ..\obj\stm32f10x_gpio.o
                                0x582 (size before relaxing)
 .debug_str     0x00003ac2      0x1d8 ..\obj\usb_prop.o
                                0xdfd (size before relaxing)
 .debug_str     0x00003c9a      0x117 ..\obj\usb_pwr.o
                                0xb96 (size before relaxing)
 .debug_str     0x00003db1       0x76 ..\obj\usb_init.o
                                0xa32 (size before relaxing)
 .debug_str     0x00003e27      0x3f3 ..\obj\main.o
                               0x18db (size before relaxing)
 .debug_str     0x0000421a      0x61c ..\obj\NEXUS_high.o
                                0xf3d (size before relaxing)
 .debug_str     0x00004836      0x37c ..\obj\stm32f10x_rcc.o
                                0x66c (size before relaxing)
 .debug_str     0x00004bb2      0x136 ..\obj\stm32f10x_exti.o
                                0x39b (size before relaxing)
 .debug_str     0x00004ce8      0x3c5 ..\obj\stm32f10x_usart.o
                                0x722 (size before relaxing)
 .debug_str     0x000050ad      0x126 ..\obj\UARTMON_high.o
                                0xc5e (size before relaxing)
 .debug_str     0x000051d3       0xa8 ..\obj\usb_sil.o
                                0xad8 (size before relaxing)
 .debug_str     0x0000527b      0x2d5 ..\obj\BDMs_high.o
                                0xe85 (size before relaxing)
 .debug_str     0x00005550      0x183 ..\obj\syscalls.o
                                0x729 (size before relaxing)
 .debug_str     0x000056d3      0x129 ..\obj\stm32_it.o
                                0xb29 (size before relaxing)
 .debug_str     0x000057fc      0x400 ..\obj\BDMn_high.o
                                0xf89 (size before relaxing)
 .debug_str     0x00005bfc      0x165 ..\obj\JTAG_high.o
                                0xb1a (size before relaxing)
 .debug_str     0x00005d61      0x13c ..\obj\stm32f10x_dma.o
                                0x409 (size before relaxing)
 .debug_str     0x00005e9d      0x14e ..\obj\misc.o
                                0x410 (size before relaxing)
 .debug_str     0x00005feb      0x2a9 ..\obj\stm32f10x_spi.o
                                0x68f (size before relaxing)
 .debug_str     0x00006294       0x9c ..\obj\usb_mem.o
                                0xa80 (size before relaxing)
 .debug_str     0x00006330       0xa0 ..\obj\SupportFuncs.o
                                0x9c0 (size before relaxing)
 .debug_str     0x000063d0       0x64 ..\obj\usb_istr.o
                                0xb09 (size before relaxing)

.comment        0x00000000       0x7f
 .comment       0x00000000       0x7f ..\obj\usb_core.o
                                 0x80 (size before relaxing)
 .comment       0x0000007f       0x80 ..\obj\BDMo_high.o
 .comment       0x0000007f       0x80 ..\obj\TAP_shared.o
 .comment       0x0000007f       0x80 ..\obj\stm32f10x_tim.o
 .comment       0x0000007f       0x80 ..\obj\usb_int.o
 .comment       0x0000007f       0x80 ..\obj\system_stm32f10x.o
 .comment       0x0000007f       0x80 ..\obj\usb_desc.o
 .comment       0x0000007f       0x80 ..\obj\usb_regs.o
 .comment       0x0000007f       0x80 ..\obj\startup_stm32f10x_md.o
 .comment       0x0000007f       0x80 ..\obj\hw_config.o
 .comment       0x0000007f       0x80 ..\obj\stm32f10x_gpio.o
 .comment       0x0000007f       0x80 ..\obj\usb_prop.o
 .comment       0x0000007f       0x80 ..\obj\usb_pwr.o
 .comment       0x0000007f       0x80 ..\obj\usb_init.o
 .comment       0x0000007f       0x80 ..\obj\main.o
 .comment       0x0000007f       0x80 ..\obj\NEXUS_high.o
 .comment       0x0000007f       0x80 ..\obj\stm32f10x_rcc.o
 .comment       0x0000007f       0x80 ..\obj\stm32f10x_exti.o
 .comment       0x0000007f       0x80 ..\obj\stm32f10x_usart.o
 .comment       0x0000007f       0x80 ..\obj\UARTMON_high.o
 .comment       0x0000007f       0x80 ..\obj\usb_sil.o
 .comment       0x0000007f       0x80 ..\obj\BDMs_high.o
 .comment       0x0000007f       0x80 ..\obj\syscalls.o
 .comment       0x0000007f       0x80 ..\obj\stm32_it.o
 .comment       0x0000007f       0x80 ..\obj\BDMn_high.o
 .comment       0x0000007f       0x80 ..\obj\JTAG_high.o
 .comment       0x0000007f       0x80 ..\obj\stm32f10x_dma.o
 .comment       0x0000007f       0x80 ..\obj\misc.o
 .comment       0x0000007f       0x80 ..\obj\stm32f10x_spi.o
 .comment       0x0000007f       0x80 ..\obj\usb_mem.o
 .comment       0x0000007f       0x80 ..\obj\SupportFuncs.o
 .comment       0x0000007f       0x80 ..\obj\usb_istr.o

.ARM.attributes
                0x00000000       0x31
 .ARM.attributes
                0x00000000       0x33 ..\obj\usb_core.o
 .ARM.attributes
                0x00000033       0x33 ..\obj\BDMo_high.o
 .ARM.attributes
                0x00000066       0x33 ..\obj\TAP_shared.o
 .ARM.attributes
                0x00000099       0x33 ..\obj\stm32f10x_tim.o
 .ARM.attributes
                0x000000cc       0x33 ..\obj\usb_int.o
 .ARM.attributes
                0x000000ff       0x33 ..\obj\system_stm32f10x.o
 .ARM.attributes
                0x00000132       0x21 ..\obj\TAP_lowlev.o
 .ARM.attributes
                0x00000153       0x33 ..\obj\usb_desc.o
 .ARM.attributes
                0x00000186       0x33 ..\obj\usb_regs.o
 .ARM.attributes
                0x000001b9       0x33 ..\obj\startup_stm32f10x_md.o
 .ARM.attributes
                0x000001ec       0x33 ..\obj\hw_config.o
 .ARM.attributes
                0x0000021f       0x33 ..\obj\stm32f10x_gpio.o
 .ARM.attributes
                0x00000252       0x33 ..\obj\usb_prop.o
 .ARM.attributes
                0x00000285       0x33 ..\obj\usb_pwr.o
 .ARM.attributes
                0x000002b8       0x33 ..\obj\usb_init.o
 .ARM.attributes
                0x000002eb       0x33 ..\obj\main.o
 .ARM.attributes
                0x0000031e       0x33 ..\obj\NEXUS_high.o
 .ARM.attributes
                0x00000351       0x33 ..\obj\stm32f10x_rcc.o
 .ARM.attributes
                0x00000384       0x21 ..\obj\BDMs_low.o
 .ARM.attributes
                0x000003a5       0x33 ..\obj\stm32f10x_exti.o
 .ARM.attributes
                0x000003d8       0x33 ..\obj\stm32f10x_usart.o
 .ARM.attributes
                0x0000040b       0x33 ..\obj\UARTMON_high.o
 .ARM.attributes
                0x0000043e       0x33 ..\obj\usb_sil.o
 .ARM.attributes
                0x00000471       0x33 ..\obj\BDMs_high.o
 .ARM.attributes
                0x000004a4       0x33 ..\obj\syscalls.o
 .ARM.attributes
                0x000004d7       0x33 ..\obj\stm32_it.o
 .ARM.attributes
                0x0000050a       0x33 ..\obj\BDMn_high.o
 .ARM.attributes
                0x0000053d       0x33 ..\obj\JTAG_high.o
 .ARM.attributes
                0x00000570       0x33 ..\obj\stm32f10x_dma.o
 .ARM.attributes
                0x000005a3       0x33 ..\obj\misc.o
 .ARM.attributes
                0x000005d6       0x33 ..\obj\stm32f10x_spi.o
 .ARM.attributes
                0x00000609       0x33 ..\obj\usb_mem.o
 .ARM.attributes
                0x0000063c       0x21 ..\obj\BDMo_low.o
 .ARM.attributes
                0x0000065d       0x33 ..\obj\SupportFuncs.o
 .ARM.attributes
                0x00000690       0x21 ..\obj\BDMn_low.o
 .ARM.attributes
                0x000006b1       0x33 ..\obj\usb_istr.o
 .ARM.attributes
                0x000006e4       0x1d d:/arm_gcc/6 2017-q2-update/bin/../lib/gcc/arm-none-eabi/6.3.1/thumb/v7-m\libgcc.a(_arm_addsubsf3.o)
 .ARM.attributes
                0x00000701       0x1d d:/arm_gcc/6 2017-q2-update/bin/../lib/gcc/arm-none-eabi/6.3.1/thumb/v7-m\libgcc.a(_arm_muldivsf3.o)
 .ARM.attributes
                0x0000071e       0x1d d:/arm_gcc/6 2017-q2-update/bin/../lib/gcc/arm-none-eabi/6.3.1/thumb/v7-m\libgcc.a(_arm_cmpsf2.o)
 .ARM.attributes
                0x0000073b       0x1d d:/arm_gcc/6 2017-q2-update/bin/../lib/gcc/arm-none-eabi/6.3.1/thumb/v7-m\libgcc.a(_arm_fixunssfsi.o)
 .ARM.attributes
                0x00000758       0x1d d:/arm_gcc/6 2017-q2-update/bin/../lib/gcc/arm-none-eabi/6.3.1/thumb/v7-m\libgcc.a(_aeabi_uldivmod.o)
 .ARM.attributes
                0x00000775       0x2d d:/arm_gcc/6 2017-q2-update/bin/../lib/gcc/arm-none-eabi/6.3.1/thumb/v7-m\libgcc.a(_udivmoddi4.o)
 .ARM.attributes